Aug 19 03:37:01 kernel: imklog 4.4.2, log source = /proc/kmsg started.
Aug 19 03:37:01 rsyslogd: [origin software="rsyslogd" swVersion="4.4.2" x-pid="1069" x-info="http://www.rsyslog.com"] (re)start
Aug 19 04:00:01 automount[1478]: add_host_addrs: hostname lookup failed: Temporary failure in name resolution
Aug 19 05:00:01 automount[1478]: add_host_addrs: hostname lookup failed: Temporary failure in name resolution
Aug 19 06:00:01 automount[1478]: add_host_addrs: hostname lookup failed: Temporary failure in name resolution
Aug 19 07:00:01 automount[1478]: add_host_addrs: hostname lookup failed: Temporary failure in name resolution
Aug 19 08:00:01 automount[1478]: add_host_addrs: hostname lookup failed: Temporary failure in name resolution
Aug 19 09:00:01 automount[1478]: add_host_addrs: hostname lookup failed: Temporary failure in name resolution
Aug 19 10:00:01 automount[1478]: add_host_addrs: hostname lookup failed: Temporary failure in name resolution
Aug 19 11:00:01 automount[1478]: add_host_addrs: hostname lookup failed: Temporary failure in name resolution
Aug 19 12:00:01 automount[1478]: add_host_addrs: hostname lookup failed: Temporary failure in name resolution
Aug 19 12:23:01 dhclient[1317]: DHCPREQUEST on eth0 to 82.13.199.84 port 67
Aug 19 12:23:01 dhclient[1317]: DHCPACK from 82.13.55.254
Aug 19 12:23:01 dhclient[1317]: bound to 82.13.55.116 -- renewal in 78819 seconds.
Aug 19 13:00:01 automount[1478]: add_host_addrs: hostname lookup failed: Temporary failure in name resolution
Aug 19 14:00:01 automount[1478]: add_host_addrs: hostname lookup failed: Temporary failure in name resolution
Aug 19 15:00:01 automount[1478]: add_host_addrs: hostname lookup failed: Temporary failure in name resolution
Aug 19 16:00:01 automount[1478]: add_host_addrs: hostname lookup failed: Temporary failure in name resolution
Aug 19 17:00:01 automount[1478]: add_host_addrs: hostname lookup failed: Temporary failure in name resolution
Aug 19 18:00:01 automount[1478]: add_host_addrs: hostname lookup failed: Temporary failure in name resolution
Aug 19 19:00:01 automount[1478]: add_host_addrs: hostname lookup failed: Temporary failure in name resolution
Aug 19 20:00:01 automount[1478]: add_host_addrs: hostname lookup failed: Temporary failure in name resolution
Aug 19 21:00:01 automount[1478]: add_host_addrs: hostname lookup failed: Temporary failure in name resolution
Aug 19 22:00:01 automount[1478]: add_host_addrs: hostname lookup failed: Temporary failure in name resolution
Aug 19 23:00:01 automount[1478]: add_host_addrs: hostname lookup failed: Temporary failure in name resolution
Aug 20 00:00:02 automount[1478]: add_host_addrs: hostname lookup failed: Temporary failure in name resolution
Aug 20 01:00:01 automount[1478]: add_host_addrs: hostname lookup failed: Temporary failure in name resolution
Aug 20 02:00:01 automount[1478]: add_host_addrs: hostname lookup failed: Temporary failure in name resolution
Aug 20 03:00:01 automount[1478]: add_host_addrs: hostname lookup failed: Temporary failure in name resolution
Aug 20 04:00:01 automount[1478]: add_host_addrs: hostname lookup failed: Temporary failure in name resolution
Aug 20 05:00:01 automount[1478]: add_host_addrs: hostname lookup failed: Temporary failure in name resolution
Aug 20 06:00:01 automount[1478]: add_host_addrs: hostname lookup failed: Temporary failure in name resolution
Aug 20 07:00:01 automount[1478]: add_host_addrs: hostname lookup failed: Temporary failure in name resolution
Aug 20 08:00:01 automount[1478]: add_host_addrs: hostname lookup failed: Temporary failure in name resolution
Aug 20 09:00:01 automount[1478]: add_host_addrs: hostname lookup failed: Temporary failure in name resolution
Aug 20 10:00:01 automount[1478]: add_host_addrs: hostname lookup failed: Temporary failure in name resolution
Aug 20 10:15:30 gnome-keyring-daemon[23215]: Couldn't unlock login keyring with provided password
Aug 20 10:15:30 gnome-keyring-daemon[23215]: Failed to unlock login on startup
Aug 20 10:15:30 NetworkManager[1138]: <error> [1345428930.959902] [nm-manager.c:1331] user_proxy_init(): could not init user settings proxy: (3) Could not get owner of name 'org.freedesktop.NetworkManagerUserSettings': no such name
Aug 20 10:15:31 NetworkManager[1138]: <error> [1345428931.70095] [nm-manager.c:1331] user_proxy_init(): could not init user settings proxy: (3) Could not get owner of name 'org.freedesktop.NetworkManagerUserSettings': no such name
Aug 20 10:15:32 kernel: fuse init (API version 7.13)
Aug 20 10:15:32 seahorse-daemon[23325]: init gpgme version 1.1.8
Aug 20 10:15:34 pulseaudio[23392]: pid.c: Daemon already running.
Aug 20 10:15:35 setroubleshoot: SELinux not enabled, setroubleshootd exiting...
Aug 20 10:15:35 automount[1478]: add_host_addrs: hostname lookup failed: Temporary failure in name resolution
Aug 20 10:15:50 pulseaudio[1935]: pid.c: Failed to open PID file '/var/lib/gdm/.pulse/0860764eead2039eac88bc214c7d194f-runtime/pid': No such file or directory
Aug 20 10:15:50 pulseaudio[1935]: pid.c: Failed to open PID file '/var/lib/gdm/.pulse/0860764eead2039eac88bc214c7d194f-runtime/pid': No such file or directory
Aug 20 10:16:40 dhclient[1317]: DHCPREQUEST on eth0 to 82.13.199.84 port 67
Aug 20 10:16:40 dhclient[1317]: DHCPACK from 82.13.55.254
Aug 20 10:16:40 dhclient[1317]: bound to 82.13.55.116 -- renewal in 80823 seconds.
Aug 20 10:17:14 console-kit-daemon[1333]: WARNING: Couldn't read /proc/23361/environ: Failed to open file '/proc/23361/environ': No such file or directory
Aug 20 10:17:14 seahorse-daemon[23325]: Failed to send buffer
Aug 20 10:17:14 NetworkManager[1138]: <warn> error requesting auth for org.freedesktop.NetworkManager.network-control: (6) Remote Exception invoking org.freedesktop.PolicyKit1.Authority.CheckAuthorization() on /org/freedesktop/PolicyKit1/Authority at name org.freedesktop.PolicyKit1: org.freedesktop.DBus.Error.NameHasNoOwner: Remote Exception invoking org.freedesktop.DBus.GetConnectionUnixUser() on / at name org.freedesktop.DBus: org.freedesktop.DBus.Error.NameHasNoOwner: Could not get UID of name ':1.121': no such name
Aug 20 10:17:14 NetworkManager[1138]: <warn> User connections unavailable: (6) Remote Exception invoking org.freedesktop.PolicyKit1.Authority.CheckAuthorization() on /org/freedesktop/PolicyKit1/Authority at name org.freedesktop.PolicyKit1: org.freedesktop.DBus.Error.NameHasNoOwner: Remote Exception invoking org.freedesktop.DBus.GetConnectionUnixUser() on / at name org.freedesktop.DBus: org.freedesktop.DBus.Error.NameHasNoOwner: Could not get UID of name ':1.121': no such name
Aug 20 10:17:14 NetworkManager[1138]: <warn> error requesting auth for org.freedesktop.NetworkManager.enable-disable-network: (6) Remote Exception invoking org.freedesktop.PolicyKit1.Authority.CheckAuthorization() on /org/freedesktop/PolicyKit1/Authority at name org.freedesktop.PolicyKit1: org.freedesktop.DBus.Error.NameHasNoOwner: Remote Exception invoking org.freedesktop.DBus.GetConnectionUnixUser() on / at name org.freedesktop.DBus: org.freedesktop.DBus.Error.NameHasNoOwner: Could not get UID of name ':1.121': no such name
Aug 20 10:17:14 NetworkManager[1138]: <warn> error requesting auth for org.freedesktop.NetworkManager.sleep-wake: (6) Remote Exception invoking org.freedesktop.PolicyKit1.Authority.CheckAuthorization() on /org/freedesktop/PolicyKit1/Authority at name org.freedesktop.PolicyKit1: org.freedesktop.DBus.Error.NameHasNoOwner: Remote Exception invoking org.freedesktop.DBus.GetConnectionUnixUser() on / at name org.freedesktop.DBus: org.freedesktop.DBus.Error.NameHasNoOwner: Could not get UID of name ':1.121': no such name
Aug 20 10:17:14 NetworkManager[1138]: <warn> error requesting auth for org.freedesktop.NetworkManager.enable-disable-wifi: (6) Remote Exception invoking org.freedesktop.PolicyKit1.Authority.CheckAuthorization() on /org/freedesktop/PolicyKit1/Authority at name org.freedesktop.PolicyKit1: org.freedesktop.DBus.Error.NameHasNoOwner: Remote Exception invoking org.freedesktop.DBus.GetConnectionUnixUser() on / at name org.freedesktop.DBus: org.freedesktop.DBus.Error.NameHasNoOwner: Could not get UID of name ':1.121': no such name
Aug 20 10:17:14 NetworkManager[1138]: <warn> error requesting auth for org.freedesktop.NetworkManager.enable-disable-wwan: (6) Remote Exception invoking org.freedesktop.PolicyKit1.Authority.CheckAuthorization() on /org/freedesktop/PolicyKit1/Authority at name org.freedesktop.PolicyKit1: org.freedesktop.DBus.Error.NameHasNoOwner: Remote Exception invoking org.freedesktop.DBus.GetConnectionUnixUser() on / at name org.freedesktop.DBus: org.freedesktop.DBus.Error.NameHasNoOwner: Could not get UID of name ':1.121': no such name
Aug 20 10:17:14 NetworkManager[1138]: <warn> error requesting auth for org.freedesktop.NetworkManager.use-user-connections: (6) Remote Exception invoking org.freedesktop.PolicyKit1.Authority.CheckAuthorization() on /org/freedesktop/PolicyKit1/Authority at name org.freedesktop.PolicyKit1: org.freedesktop.DBus.Error.NameHasNoOwner: Remote Exception invoking org.freedesktop.DBus.GetConnectionUnixUser() on / at name org.freedesktop.DBus: org.freedesktop.DBus.Error.NameHasNoOwner: Could not get UID of name ':1.121': no such name
Aug 20 10:17:14 NetworkManager[1138]: <warn> error requesting auth for org.freedesktop.NetworkManager.network-control: (6) Remote Exception invoking org.freedesktop.PolicyKit1.Authority.CheckAuthorization() on /org/freedesktop/PolicyKit1/Authority at name org.freedesktop.PolicyKit1: org.freedesktop.DBus.Error.NameHasNoOwner: Remote Exception invoking org.freedesktop.DBus.GetConnectionUnixUser() on / at name org.freedesktop.DBus: org.freedesktop.DBus.Error.NameHasNoOwner: Could not get UID of name ':1.121': no such name
Aug 20 10:17:15 acpid: client 1800[0:0] has disconnected
Aug 20 10:17:15 acpid: client connected from 23797[0:0]
Aug 20 10:17:15 acpid: 1 client rule loaded
Aug 20 10:17:15 NetworkManager[1138]: <error> [1345429035.721075] [nm-manager.c:1331] user_proxy_init(): could not init user settings proxy: (3) Could not get owner of name 'org.freedesktop.NetworkManagerUserSettings': no such name
Aug 20 10:17:17 NetworkManager[1138]: <error> [1345429037.791584] [nm-manager.c:1331] user_proxy_init(): could not init user settings proxy: (3) Could not get owner of name 'org.freedesktop.NetworkManagerUserSettings': no such name
Aug 20 10:17:24 NetworkManager[1138]: <error> [1345429044.682850] [nm-manager.c:1331] user_proxy_init(): could not init user settings proxy: (3) Could not get owner of name 'org.freedesktop.NetworkManagerUserSettings': no such name
Aug 20 10:17:27 NetworkManager[1138]: <error> [1345429047.896141] [nm-manager.c:1331] user_proxy_init(): could not init user settings proxy: (3) Could not get owner of name 'org.freedesktop.NetworkManagerUserSettings': no such name
Aug 20 10:17:28 acpid: client 23797[0:0] has disconnected
Aug 20 10:17:28 acpid: client connected from 23963[0:1000]
Aug 20 10:17:28 acpid: 1 client rule loaded
Aug 20 10:17:28 NetworkManager[1138]: <error> [1345429048.456275] [nm-manager.c:1331] user_proxy_init(): could not init user settings proxy: (3) Could not get owner of name 'org.freedesktop.NetworkManagerUserSettings': no such name
Aug 20 10:17:28 seahorse-daemon[24044]: init gpgme version 1.1.8
Aug 20 10:17:29 pulseaudio[24119]: pid.c: Daemon already running.
Aug 20 10:17:29 setroubleshoot: SELinux not enabled, setroubleshootd exiting...
Aug 20 10:17:29 automount[1478]: add_host_addrs: hostname lookup failed: Temporary failure in name resolution
Aug 20 10:18:05 acpid: client 23963[0:1000] has disconnected
Aug 20 10:18:05 acpid: client connected from 23797[0:0]
Aug 20 10:18:05 acpid: 1 client rule loaded
Aug 20 10:18:08 acpid: client 23797[0:0] has disconnected
Aug 20 10:18:08 acpid: client connected from 23963[0:1000]
Aug 20 10:18:08 acpid: 1 client rule loaded
Aug 20 10:18:12 NetworkManager[1138]: <warn> error requesting auth for org.freedesktop.NetworkManager.use-user-connections: (6) Remote Exception invoking org.freedesktop.PolicyKit1.Authority.CheckAuthorization() on /org/freedesktop/PolicyKit1/Authority at name org.freedesktop.PolicyKit1: org.freedesktop.DBus.Error.NameHasNoOwner: Remote Exception invoking org.freedesktop.DBus.GetConnectionUnixUser() on / at name org.freedesktop.DBus: org.freedesktop.DBus.Error.NameHasNoOwner: Could not get UID of name ':1.157': no such name
Aug 20 10:18:12 NetworkManager[1138]: <warn> error requesting auth for org.freedesktop.NetworkManager.network-control: (6) Remote Exception invoking org.freedesktop.PolicyKit1.Authority.CheckAuthorization() on /org/freedesktop/PolicyKit1/Authority at name org.freedesktop.PolicyKit1: org.freedesktop.DBus.Error.NameHasNoOwner: Remote Exception invoking org.freedesktop.DBus.GetConnectionUnixUser() on / at name org.freedesktop.DBus: org.freedesktop.DBus.Error.NameHasNoOwner: Could not get UID of name ':1.157': no such name
Aug 20 10:18:12 NetworkManager[1138]: <warn> User connections unavailable: (6) Remote Exception invoking org.freedesktop.PolicyKit1.Authority.CheckAuthorization() on /org/freedesktop/PolicyKit1/Authority at name org.freedesktop.PolicyKit1: org.freedesktop.DBus.Error.NameHasNoOwner: Remote Exception invoking org.freedesktop.DBus.GetConnectionUnixUser() on / at name org.freedesktop.DBus: org.freedesktop.DBus.Error.NameHasNoOwner: Could not get UID of name ':1.157': no such name
Aug 20 10:18:12 NetworkManager[1138]: <error> [1345429092.759110] [nm-manager.c:1331] user_proxy_init(): could not init user settings proxy: (3) Could not get owner of name 'org.freedesktop.NetworkManagerUserSettings': no such name
Aug 20 10:18:21 automount[1478]: add_host_addrs: hostname lookup failed: Temporary failure in name resolution
Aug 20 10:19:36 init: tty5 main process (1694) killed by TERM signal
Aug 20 10:19:36 init: tty4 main process (1693) killed by TERM signal
Aug 20 10:19:36 init: tty3 main process (1696) killed by TERM signal
Aug 20 10:19:36 init: tty6 main process (1697) killed by TERM signal
Aug 20 10:19:36 NetworkManager[1138]: <error> [1345429176.862314] [nm-manager.c:1331] user_proxy_init(): could not init user settings proxy: (3) Could not get owner of name 'org.freedesktop.NetworkManagerUserSettings': no such name
Aug 20 10:19:36 NetworkManager[1138]: <error> [1345429176.950526] [nm-manager.c:1331] user_proxy_init(): could not init user settings proxy: (3) Could not get owner of name 'org.freedesktop.NetworkManagerUserSettings': no such name
Aug 20 10:19:37 NetworkManager[1138]: <error> [1345429177.306] [nm-manager.c:1331] user_proxy_init(): could not init user settings proxy: (3) Could not get owner of name 'org.freedesktop.NetworkManagerUserSettings': no such name
Aug 20 10:19:37 libvirtd: 10:19:37.051: warning : qemudDispatchSignalEvent:396 : Shutting down on signal 15
Aug 20 10:19:37 abrtd: UnRegistered Reporter plugin Bugzilla
Aug 20 10:19:37 abrtd: UnRegistered Analyzer plugin CCpp
Aug 20 10:19:37 abrtd: UnRegistered Analyzer plugin Kerneloops
Aug 20 10:19:37 abrtd: UnRegistered Reporter plugin KerneloopsReporter
Aug 20 10:19:37 abrtd: UnRegistered Action plugin KerneloopsScanner
Aug 20 10:19:37 abrtd: UnRegistered Reporter plugin Logger
Aug 20 10:19:37 abrtd: UnRegistered Analyzer plugin Python
Aug 20 10:19:37 abrtd: UnRegistered Database plugin SQLite3
Aug 20 10:19:37 abrtd: Got signal 15, exiting
Aug 20 10:19:37 nrpe[1546]: Caught SIGTERM - shutting down...
Aug 20 10:19:37 nrpe[1546]: Cannot remove pidfile '/var/run/nrpe.pid' - check your privileges.
Aug 20 10:19:37 nrpe[1546]: Daemon shutdown
Aug 20 10:19:38 xinetd[1529]: Exiting...
Aug 20 10:19:39 automount[1478]: umount_autofs_indirect: ask umount returned busy /home
Aug 20 10:19:44 acpid: exiting
Aug 20 10:19:44 ntpd[1537]: ntpd exiting on signal 15
Aug 20 10:19:44 pcscd: pcscdaemon.c:581:signal_trap() Preparing for suicide
Aug 20 10:19:45 pcscd: readerfactory.c:1242:RFCleanupReaders() entering cleaning function
Aug 20 10:19:45 pcscd: pcscdaemon.c:531:at_exit() cleaning /var/run
Aug 20 10:19:45 NetworkManager[1138]: <info> caught signal 15, shutting down normally.
Aug 20 10:19:45 NetworkManager[1138]: <info> Updating /etc/hosts with new system hostname
Aug 20 10:19:45 NetworkManager[1138]: <info> exiting (success)
Aug 20 10:19:45 console-kit-daemon[1333]: WARNING: no sender#012
Aug 20 10:19:45 nm-dispatcher.action: Disconnected from the system bus, exiting.
Aug 20 10:19:46 rpcbind: rpcbind terminating on signal. Restart with "rpcbind -w"
Aug 20 10:19:46 auditd[1042]: The audit daemon is exiting.
Aug 20 10:19:46 cpuspeed: Disabling ondemand cpu frequency scaling governor
Aug 20 10:19:46 kernel: Kernel logging (proc) stopped.
Aug 20 10:19:46 rsyslogd: [origin software="rsyslogd" swVersion="4.4.2" x-pid="1069" x-info="http://www.rsyslog.com"] exiting on signal 15.
Aug 20 10:20:57 kernel: imklog 4.4.2, log source = /proc/kmsg started.
Aug 20 10:20:57 rsyslogd: [origin software="rsyslogd" swVersion="4.4.2" x-pid="1063" x-info="http://www.rsyslog.com"] (re)start
Aug 20 10:20:57 kernel: Initializing cgroup subsys cpuset
Aug 20 10:20:57 kernel: Initializing cgroup subsys cpu
Aug 20 10:20:57 kernel: Linux version 2.6.32.26-175.fc12.i686.PAE (mockbuild@x86-17.phx2.fedoraproject.org) (gcc version 4.4.4 20100630 (Red Hat 4.4.4-10) (GCC) ) #1 SMP Wed Dec 1 21:45:50 UTC 2010
Aug 20 10:20:57 kernel: KERNEL supported cpus:
Aug 20 10:20:57 kernel:  Intel GenuineIntel
Aug 20 10:20:57 kernel:  AMD AuthenticAMD
Aug 20 10:20:57 kernel:  NSC Geode by NSC
Aug 20 10:20:57 kernel:  Cyrix CyrixInstead
Aug 20 10:20:57 kernel:  Centaur CentaurHauls
Aug 20 10:20:57 kernel:  Transmeta GenuineTMx86
Aug 20 10:20:57 kernel:  Transmeta TransmetaCPU
Aug 20 10:20:57 kernel:  UMC UMC UMC UMC
Aug 20 10:20:57 kernel: BIOS-provided physical RAM map:
Aug 20 10:20:57 kernel: BIOS-e820: 0000000000000000 - 000000000009f800 (usable)
Aug 20 10:20:57 kernel: BIOS-e820: 000000000009f800 - 00000000000a0000 (reserved)
Aug 20 10:20:57 kernel: BIOS-e820: 00000000000e8000 - 0000000000100000 (reserved)
Aug 20 10:20:57 kernel: BIOS-e820: 0000000000100000 - 00000000dfba1640 (usable)
Aug 20 10:20:57 kernel: BIOS-e820: 00000000dfba3640 - 00000000dfba36a0 (ACPI NVS)
Aug 20 10:20:57 kernel: BIOS-e820: 00000000dfba36a0 - 00000000e0000000 (reserved)
Aug 20 10:20:57 kernel: BIOS-e820: 00000000f4000000 - 00000000f8000000 (reserved)
Aug 20 10:20:57 kernel: BIOS-e820: 00000000fec00000 - 00000000fed40000 (reserved)
Aug 20 10:20:57 kernel: BIOS-e820: 00000000fed45000 - 0000000100000000 (reserved)
Aug 20 10:20:57 kernel: BIOS-e820: 0000000100000000 - 000000011c000000 (usable)
Aug 20 10:20:57 kernel: DMI 2.6 present.
Aug 20 10:20:57 kernel: last_pfn = 0x11c000 max_arch_pfn = 0x1000000
Aug 20 10:20:57 kernel: x86 PAT enabled: cpu 0, old 0x7040600070406, new 0x7010600070106
Aug 20 10:20:57 kernel: total RAM covered: 7678M
Aug 20 10:20:57 kernel: Found optimal setting for mtrr clean up
Aug 20 10:20:57 kernel: gran_size: 64K 	chunk_size: 1G 	num_reg: 4  	lose cover RAM: 0G
Aug 20 10:20:57 kernel: init_memory_mapping: 0000000000000000-00000000375fe000
Aug 20 10:20:57 kernel: NX (Execute Disable) protection: active
Aug 20 10:20:57 kernel: RAMDISK: 3745f000 - 37fefd25
Aug 20 10:20:57 kernel: Allocated new RAMDISK: 00b6b000 - 016fbd25
Aug 20 10:20:57 kernel: Move RAMDISK from 000000003745f000 - 0000000037fefd24 to 00b6b000 - 016fbd24
Aug 20 10:20:57 kernel: ACPI: RSDP 000e5810 00014 (v00 COMPAQ)
Aug 20 10:20:57 kernel: ACPI: RSDT dfbc5740 00040 (v01 HPQOEM SLIC-BPC 20091022      00000000)
Aug 20 10:20:57 kernel: ACPI: FACP dfbc57e8 00074 (v01 COMPAQ EAGLLAKE 00000001      00000000)
Aug 20 10:20:57 kernel: ACPI Warning: Optional field Pm2ControlBlock has zero address or length: 0000000000000050/0 (20090903/tbfadt-557)
Aug 20 10:20:57 kernel: ACPI Warning: Invalid length for Pm2ControlBlock: 0, using default 8 (20090903/tbfadt-607)
Aug 20 10:20:57 kernel: ACPI: DSDT dfbc5d27 0A5CC (v01 COMPAQ DSDT_PRJ 00000001 MSFT 0100000E)
Aug 20 10:20:57 kernel: ACPI: FACS dfbc5700 00040
Aug 20 10:20:57 kernel: ACPI: APIC dfbc585c 00084 (v01 COMPAQ EAGLLAKE 00000001      00000000)
Aug 20 10:20:57 kernel: ACPI: ASF! dfbc58e0 00063 (v32 COMPAQ EAGLLAKE 00000001      00000000)
Aug 20 10:20:57 kernel: ACPI: MCFG dfbc5943 0003C (v01 COMPAQ EAGLLAKE 00000001      00000000)
Aug 20 10:20:57 kernel: ACPI: TCPA dfbc597f 00032 (v01 COMPAQ EAGLLAKE 00000001      00000000)
Aug 20 10:20:57 kernel: ACPI: SLIC dfbc59b1 00176 (v01 HPQOEM SLIC-BPC 00000001      00000000)
Aug 20 10:20:57 kernel: ACPI: HPET dfbc5b27 00038 (v01 COMPAQ EAGLLAKE 00000001      00000000)
Aug 20 10:20:57 kernel: 3658MB HIGHMEM available.
Aug 20 10:20:57 kernel: 885MB LOWMEM available.
Aug 20 10:20:57 kernel:  mapped low ram: 0 - 375fe000
Aug 20 10:20:57 kernel:  low ram: 0 - 375fe000
Aug 20 10:20:57 kernel:  node 0 low ram: 00000000 - 375fe000
Aug 20 10:20:57 kernel:  node 0 bootmap 0000b000 - 00011ec0
Aug 20 10:20:57 kernel: (9 early reservations) ==> bootmem [0000000000 - 00375fe000]
Aug 20 10:20:57 kernel:  #0 [0000000000 - 0000001000]   BIOS data page ==> [0000000000 - 0000001000]
Aug 20 10:20:57 kernel:  #1 [0000001000 - 0000002000]    EX TRAMPOLINE ==> [0000001000 - 0000002000]
Aug 20 10:20:57 kernel:  #2 [0000006000 - 0000007000]       TRAMPOLINE ==> [0000006000 - 0000007000]
Aug 20 10:20:57 kernel:  #3 [0000400000 - 0000b61c38]    TEXT DATA BSS ==> [0000400000 - 0000b61c38]
Aug 20 10:20:57 kernel:  #4 [000009f800 - 0000100000]    BIOS reserved ==> [000009f800 - 0000100000]
Aug 20 10:20:57 kernel:  #5 [0000b62000 - 0000b6a128]              BRK ==> [0000b62000 - 0000b6a128]
Aug 20 10:20:57 kernel:  #6 [0000007000 - 000000b000]          PGTABLE ==> [0000007000 - 000000b000]
Aug 20 10:20:57 kernel:  #7 [0000b6b000 - 00016fbd25]      NEW RAMDISK ==> [0000b6b000 - 00016fbd25]
Aug 20 10:20:57 kernel:  #8 [000000b000 - 0000012000]          BOOTMAP ==> [000000b000 - 0000012000]
Aug 20 10:20:57 kernel: found SMP MP-table at [c00f9bf0] f9bf0
Aug 20 10:20:57 kernel: Zone PFN ranges:
Aug 20 10:20:57 kernel:  DMA      0x00000000 -> 0x00001000
Aug 20 10:20:57 kernel:  Normal   0x00001000 -> 0x000375fe
Aug 20 10:20:57 kernel:  HighMem  0x000375fe -> 0x0011c000
Aug 20 10:20:57 kernel: Movable zone start PFN for each node
Aug 20 10:20:57 kernel: early_node_map[3] active PFN ranges
Aug 20 10:20:57 kernel:    0: 0x00000000 -> 0x0000009f
Aug 20 10:20:57 kernel:    0: 0x00000100 -> 0x000dfba1
Aug 20 10:20:57 kernel:    0: 0x00100000 -> 0x0011c000
Aug 20 10:20:57 kernel: Using APIC driver default
Aug 20 10:20:57 kernel: ACPI: PM-Timer IO Port: 0xf808
Aug 20 10:20:57 kernel: ACPI: LAPIC (acpi_id[0x01] lapic_id[0x00] enabled)
Aug 20 10:20:57 kernel: ACPI: LAPIC (acpi_id[0x02] lapic_id[0x01] enabled)
Aug 20 10:20:57 kernel: ACPI: LAPIC (acpi_id[0x03] lapic_id[0x02] enabled)
Aug 20 10:20:57 kernel: ACPI: LAPIC (acpi_id[0x04] lapic_id[0x03] enabled)
Aug 20 10:20:57 kernel: ACPI: LAPIC_NMI (acpi_id[0x01] high edge lint[0x1])
Aug 20 10:20:57 kernel: ACPI: LAPIC_NMI (acpi_id[0x02] high edge lint[0x1])
Aug 20 10:20:57 kernel: ACPI: LAPIC_NMI (acpi_id[0x03] high edge lint[0x1])
Aug 20 10:20:57 kernel: ACPI: LAPIC_NMI (acpi_id[0x04] high edge lint[0x1])
Aug 20 10:20:57 kernel: ACPI: IOAPIC (id[0x01] address[0xfec00000] gsi_base[0])
Aug 20 10:20:57 kernel: IOAPIC[0]: apic_id 1, version 32, address 0xfec00000, GSI 0-23
Aug 20 10:20:57 kernel: ACPI: INT_SRC_OVR (bus 0 bus_irq 0 global_irq 2 dfl dfl)
Aug 20 10:20:57 kernel: ACPI: INT_SRC_OVR (bus 0 bus_irq 9 global_irq 9 high level)
Aug 20 10:20:57 kernel: Using ACPI (MADT) for SMP configuration information
Aug 20 10:20:57 kernel: ACPI: HPET id: 0x8086a201 base: 0xfed00000
Aug 20 10:20:57 kernel: SMP: Allowing 4 CPUs, 0 hotplug CPUs
Aug 20 10:20:57 kernel: PM: Registered nosave memory: 000000000009f000 - 00000000000a0000
Aug 20 10:20:57 kernel: PM: Registered nosave memory: 00000000000a0000 - 00000000000e8000
Aug 20 10:20:57 kernel: PM: Registered nosave memory: 00000000000e8000 - 0000000000100000
Aug 20 10:20:57 kernel: Allocating PCI resources starting at e0000000 (gap: e0000000:14000000)
Aug 20 10:20:57 kernel: Booting paravirtualized kernel on bare hardware
Aug 20 10:20:57 kernel: NR_CPUS:32 nr_cpumask_bits:32 nr_cpu_ids:4 nr_node_ids:1
Aug 20 10:20:57 kernel: PERCPU: Embedded 15 pages/cpu @c3c00000 s37848 r0 d23592 u524288
Aug 20 10:20:57 kernel: pcpu-alloc: s37848 r0 d23592 u524288 alloc=1*2097152
Aug 20 10:20:57 kernel: pcpu-alloc: [0] 0 1 2 3 
Aug 20 10:20:57 kernel: Built 1 zonelists in Zone order, mobility grouping on.  Total pages: 1021887
Aug 20 10:20:57 kernel: Kernel command line: ro root=UUID=95b4a2c1-9df7-415c-8a31-a12f626c1f6c  LANG=en_US.UTF-8 SYSFONT=latarcyrheb-sun16 KEYBOARDTYPE=pc KEYTABLE=us  LANG=en_US.UTF-8 SYSFONT=latarcyrheb-sun16 KEYBOARDTYPE=pc KEYTABLE=us rhgb quiet rdblacklist=nouveau vga=788
Aug 20 10:20:57 kernel: PID hash table entries: 4096 (order: 2, 16384 bytes)
Aug 20 10:20:57 kernel: Dentry cache hash table entries: 131072 (order: 7, 524288 bytes)
Aug 20 10:20:57 kernel: Inode-cache hash table entries: 65536 (order: 6, 262144 bytes)
Aug 20 10:20:57 kernel: Enabling fast FPU save and restore... done.
Aug 20 10:20:57 kernel: Enabling unmasked SIMD FPU exception support... done.
Aug 20 10:20:57 kernel: Initializing CPU#0
Aug 20 10:20:57 kernel: xsave/xrstor: enabled xstate_bv 0x3, cntxt size 0x240
Aug 20 10:20:57 kernel: allocated 23265280 bytes of page_cgroup
Aug 20 10:20:57 kernel: please try 'cgroup_disable=memory' option if you don't want memory cgroups
Aug 20 10:20:57 kernel: Initializing HighMem for node 0 (000375fe:0011c000)
Aug 20 10:20:57 kernel: Memory: 4043144k/4653056k available (3764k kernel code, 79660k reserved, 2351k data, 564k init, 3217036k highmem)
Aug 20 10:20:57 kernel: virtual kernel memory layout:
Aug 20 10:20:57 kernel:    fixmap  : 0xffad5000 - 0xfffff000   (5288 kB)
Aug 20 10:20:57 kernel:    pkmap   : 0xff600000 - 0xff800000   (2048 kB)
Aug 20 10:20:57 kernel:    vmalloc : 0xf7dfe000 - 0xff5fe000   ( 120 MB)
Aug 20 10:20:57 kernel:    lowmem  : 0xc0000000 - 0xf75fe000   ( 885 MB)
Aug 20 10:20:57 kernel:      .init : 0xc09fa000 - 0xc0a87000   ( 564 kB)
Aug 20 10:20:57 kernel:      .data : 0xc07ad184 - 0xc09f9060   (2351 kB)
Aug 20 10:20:57 kernel:      .text : 0xc0400000 - 0xc07ad184   (3764 kB)
Aug 20 10:20:57 kernel: Checking if this processor honours the WP bit even in supervisor mode...Ok.
Aug 20 10:20:57 kernel: SLUB: Genslabs=13, HWalign=64, Order=0-3, MinObjects=0, CPUs=4, Nodes=1
Aug 20 10:20:57 kernel: Hierarchical RCU implementation.
Aug 20 10:20:57 kernel: NR_IRQS:1280
Aug 20 10:20:57 kernel: Console: colour dummy device 80x25
Aug 20 10:20:57 kernel: console [tty0] enabled
Aug 20 10:20:57 kernel: HPET: 8 timers in total, 4 timers will be used for per-cpu timer
Aug 20 10:20:57 kernel: Fast TSC calibration using PIT
Aug 20 10:20:57 kernel: Detected 2826.369 MHz processor.
Aug 20 10:20:57 kernel: Calibrating delay loop (skipped), value calculated using timer frequency.. 5652.73 BogoMIPS (lpj=2826369)
Aug 20 10:20:57 kernel: Security Framework initialized
Aug 20 10:20:57 kernel: SELinux:  Initializing.
Aug 20 10:20:57 kernel: Mount-cache hash table entries: 512
Aug 20 10:20:57 kernel: Initializing cgroup subsys ns
Aug 20 10:20:57 kernel: Initializing cgroup subsys cpuacct
Aug 20 10:20:57 kernel: Initializing cgroup subsys memory
Aug 20 10:20:57 kernel: Initializing cgroup subsys devices
Aug 20 10:20:57 kernel: Initializing cgroup subsys freezer
Aug 20 10:20:57 kernel: Initializing cgroup subsys net_cls
Aug 20 10:20:57 kernel: CPU: L1 I cache: 32K, L1 D cache: 32K
Aug 20 10:20:57 kernel: CPU: L2 cache: 3072K
Aug 20 10:20:57 kernel: CPU: Physical Processor ID: 0
Aug 20 10:20:57 kernel: CPU: Processor Core ID: 0
Aug 20 10:20:57 kernel: mce: CPU supports 6 MCE banks
Aug 20 10:20:57 kernel: CPU0: Thermal monitoring enabled (TM2)
Aug 20 10:20:57 kernel: using mwait in idle threads.
Aug 20 10:20:57 kernel: Performance Events: Core2 events, Intel PMU driver.
Aug 20 10:20:57 kernel: ... version:                2
Aug 20 10:20:57 kernel: ... bit width:              40
Aug 20 10:20:57 kernel: ... generic registers:      2
Aug 20 10:20:57 kernel: ... value mask:             000000ffffffffff
Aug 20 10:20:57 kernel: ... max period:             000000007fffffff
Aug 20 10:20:57 kernel: ... fixed-purpose events:   3
Aug 20 10:20:57 kernel: ... event mask:             0000000700000003
Aug 20 10:20:57 kernel: Checking 'hlt' instruction... OK.
Aug 20 10:20:57 kernel: ACPI: Core revision 20090903
Aug 20 10:20:57 kernel: ftrace: converting mcount calls to 0f 1f 44 00 00
Aug 20 10:20:57 kernel: ftrace: allocating 22767 entries in 45 pages
Aug 20 10:20:57 kernel: Enabling APIC mode:  Flat.  Using 1 I/O APICs
Aug 20 10:20:57 kernel: ..TIMER: vector=0x30 apic1=0 pin1=2 apic2=-1 pin2=-1
Aug 20 10:20:57 kernel: CPU0: Intel(R) Core(TM)2 Quad CPU    Q9505  @ 2.83GHz stepping 0a
Aug 20 10:20:57 kernel: Booting processor 1 APIC 0x1 ip 0x6000
Aug 20 10:20:57 kernel: Initializing CPU#1
Aug 20 10:20:57 kernel: CPU: L1 I cache: 32K, L1 D cache: 32K
Aug 20 10:20:57 kernel: CPU: L2 cache: 3072K
Aug 20 10:20:57 kernel: CPU: Physical Processor ID: 0
Aug 20 10:20:57 kernel: CPU: Processor Core ID: 1
Aug 20 10:20:57 kernel: CPU1: Thermal monitoring enabled (TM2)
Aug 20 10:20:57 kernel: CPU1: Intel(R) Core(TM)2 Quad CPU    Q9505  @ 2.83GHz stepping 0a
Aug 20 10:20:57 kernel: checking TSC synchronization [CPU#0 -> CPU#1]: passed.
Aug 20 10:20:57 kernel: Booting processor 2 APIC 0x2 ip 0x6000
Aug 20 10:20:57 kernel: Initializing CPU#2
Aug 20 10:20:57 kernel: CPU: L1 I cache: 32K, L1 D cache: 32K
Aug 20 10:20:57 kernel: CPU: L2 cache: 3072K
Aug 20 10:20:57 kernel: CPU: Physical Processor ID: 0
Aug 20 10:20:57 kernel: CPU: Processor Core ID: 2
Aug 20 10:20:57 kernel: CPU2: Thermal monitoring enabled (TM2)
Aug 20 10:20:57 kernel: CPU2: Intel(R) Core(TM)2 Quad CPU    Q9505  @ 2.83GHz stepping 0a
Aug 20 10:20:57 kernel: checking TSC synchronization [CPU#0 -> CPU#2]: passed.
Aug 20 10:20:57 kernel: Booting processor 3 APIC 0x3 ip 0x6000
Aug 20 10:20:57 kernel: Initializing CPU#3
Aug 20 10:20:57 kernel: CPU: L1 I cache: 32K, L1 D cache: 32K
Aug 20 10:20:57 kernel: CPU: L2 cache: 3072K
Aug 20 10:20:57 kernel: CPU: Physical Processor ID: 0
Aug 20 10:20:57 kernel: CPU: Processor Core ID: 3
Aug 20 10:20:57 kernel: CPU3: Thermal monitoring enabled (TM2)
Aug 20 10:20:57 kernel: CPU3: Intel(R) Core(TM)2 Quad CPU    Q9505  @ 2.83GHz stepping 0a
Aug 20 10:20:57 kernel: checking TSC synchronization [CPU#0 -> CPU#3]: passed.
Aug 20 10:20:57 kernel: Brought up 4 CPUs
Aug 20 10:20:57 kernel: Total of 4 processors activated (22609.34 BogoMIPS).
Aug 20 10:20:57 kernel: devtmpfs: initialized
Aug 20 10:20:57 kernel: HP Compaq Laptop series board detected. Selecting BIOS-method for reboots.
Aug 20 10:20:57 kernel: regulator: core version 0.5
Aug 20 10:20:57 kernel: Time:  2:20:47  Date: 08/20/12
Aug 20 10:20:57 kernel: NET: Registered protocol family 16
Aug 20 10:20:57 kernel: ACPI: bus type pci registered
Aug 20 10:20:57 kernel: PCI: MCFG configuration 0: base f4000000 segment 0 buses 0 - 63
Aug 20 10:20:57 kernel: PCI: MCFG area at f4000000 reserved in E820
Aug 20 10:20:57 kernel: PCI: Using MMCONFIG for extended config space
Aug 20 10:20:57 kernel: PCI: Using configuration type 1 for base access
Aug 20 10:20:57 kernel: bio: create slab <bio-0> at 0
Aug 20 10:20:57 kernel: ACPI: Interpreter enabled
Aug 20 10:20:57 kernel: ACPI: (supports S0 S3 S4 S5)
Aug 20 10:20:57 kernel: ACPI: Using IOAPIC for interrupt routing
Aug 20 10:20:57 kernel: ACPI: No dock devices found.
Aug 20 10:20:57 kernel: ACPI Error (dsfield-0143): [CAPD] Namespace lookup failure, AE_ALREADY_EXISTS
Aug 20 10:20:57 kernel: ACPI Error (psparse-0537): Method parse/execution failed [\_SB_.PCI0._OSC] (Node f70174c8), AE_ALREADY_EXISTS
Aug 20 10:20:57 kernel: ACPI: Marking method _OSC as Serialized because of AE_ALREADY_EXISTS error
Aug 20 10:20:57 kernel: ACPI Warning for \_SB_.PCI0._OSC: Parameter count mismatch - ASL declared 5, ACPI requires 4 (20090903/nspredef-336)
Aug 20 10:20:57 kernel: ACPI: PCI Root Bridge [PCI0] (0000:00)
Aug 20 10:20:57 kernel: pci 0000:00:01.0: PME# supported from D0 D3hot D3cold
Aug 20 10:20:57 kernel: pci 0000:00:01.0: PME# disabled
Aug 20 10:20:57 kernel: pci 0000:00:03.0: PME# supported from D0 D3hot D3cold
Aug 20 10:20:57 kernel: pci 0000:00:03.0: PME# disabled
Aug 20 10:20:57 kernel: pci 0000:00:19.0: PME# supported from D0 D3hot D3cold
Aug 20 10:20:57 kernel: pci 0000:00:19.0: PME# disabled
Aug 20 10:20:57 kernel: pci 0000:00:1a.7: PME# supported from D0 D3hot D3cold
Aug 20 10:20:57 kernel: pci 0000:00:1a.7: PME# disabled
Aug 20 10:20:57 kernel: pci 0000:00:1b.0: PME# supported from D0 D3hot D3cold
Aug 20 10:20:57 kernel: pci 0000:00:1b.0: PME# disabled
Aug 20 10:20:57 kernel: pci 0000:00:1c.0: PME# supported from D0 D3hot D3cold
Aug 20 10:20:57 kernel: pci 0000:00:1c.0: PME# disabled
Aug 20 10:20:57 kernel: pci 0000:00:1c.4: PME# supported from D0 D3hot D3cold
Aug 20 10:20:57 kernel: pci 0000:00:1c.4: PME# disabled
Aug 20 10:20:57 kernel: pci 0000:00:1d.7: PME# supported from D0 D3hot D3cold
Aug 20 10:20:57 kernel: pci 0000:00:1d.7: PME# disabled
Aug 20 10:20:57 kernel: pci 0000:00:1e.0: transparent bridge
Aug 20 10:20:57 kernel: ACPI Error (dsfield-0143): [CAPD] Namespace lookup failure, AE_ALREADY_EXISTS
Aug 20 10:20:57 kernel: ACPI Error (psparse-0537): Method parse/execution failed [\_SB_.PCI0._OSC] (Node f70174c8), AE_ALREADY_EXISTS
Aug 20 10:20:57 kernel: ACPI Warning for \_SB_.PCI0._OSC: Parameter count mismatch - ASL declared 5, ACPI requires 4 (20090903/nspredef-336)
Aug 20 10:20:57 kernel: ACPI: PCI Interrupt Link [LNKA] (IRQs 3 4 *5 6 7 10 11 14 15)
Aug 20 10:20:57 kernel: ACPI: PCI Interrupt Link [LNKB] (IRQs 3 4 5 6 7 10 *11 14 15)
Aug 20 10:20:57 kernel: ACPI: PCI Interrupt Link [LNKC] (IRQs 3 4 5 6 7 *10 11 14 15)
Aug 20 10:20:57 kernel: ACPI: PCI Interrupt Link [LNKD] (IRQs 3 4 *5 6 7 10 11 14 15)
Aug 20 10:20:57 kernel: ACPI: PCI Interrupt Link [LNKE] (IRQs 3 4 5 6 7 *10 11 14 15)
Aug 20 10:20:57 kernel: ACPI: PCI Interrupt Link [LNKF] (IRQs 3 4 5 6 7 10 *11 14 15)
Aug 20 10:20:57 kernel: ACPI: PCI Interrupt Link [LNKG] (IRQs 3 4 *5 6 7 10 11 14 15)
Aug 20 10:20:57 kernel: ACPI: PCI Interrupt Link [LNKH] (IRQs 3 4 5 6 7 10 11 14 15) *0, disabled.
Aug 20 10:20:57 kernel: vgaarb: device added: PCI:0000:01:00.0,decodes=io+mem,owns=io+mem,locks=none
Aug 20 10:20:57 kernel: vgaarb: loaded
Aug 20 10:20:57 kernel: SCSI subsystem initialized
Aug 20 10:20:57 kernel: usbcore: registered new interface driver usbfs
Aug 20 10:20:57 kernel: usbcore: registered new interface driver hub
Aug 20 10:20:57 kernel: usbcore: registered new device driver usb
Aug 20 10:20:57 kernel: PCI: Using ACPI for IRQ routing
Aug 20 10:20:57 kernel: NetLabel: Initializing
Aug 20 10:20:57 kernel: NetLabel:  domain hash size = 128
Aug 20 10:20:57 kernel: NetLabel:  protocols = UNLABELED CIPSOv4
Aug 20 10:20:57 kernel: NetLabel:  unlabeled traffic allowed by default
Aug 20 10:20:57 kernel: hpet0: at MMIO 0xfed00000, IRQs 2, 8, 24, 25, 26, 27, 0, 0
Aug 20 10:20:57 kernel: hpet0: 8 comparators, 64-bit 14.318180 MHz counter
Aug 20 10:20:57 kernel: Switching to clocksource tsc
Aug 20 10:20:57 kernel: pnp: PnP ACPI init
Aug 20 10:20:57 kernel: ACPI: bus type pnp registered
Aug 20 10:20:57 kernel: pnp: PnP ACPI: found 15 devices
Aug 20 10:20:57 kernel: ACPI: ACPI bus type pnp unregistered
Aug 20 10:20:57 kernel: system 00:0c: ioport range 0x4d0-0x4d1 has been reserved
Aug 20 10:20:57 kernel: system 00:0d: ioport range 0x400-0x41f has been reserved
Aug 20 10:20:57 kernel: system 00:0d: ioport range 0x420-0x43f has been reserved
Aug 20 10:20:57 kernel: system 00:0d: ioport range 0x440-0x45f has been reserved
Aug 20 10:20:57 kernel: system 00:0d: ioport range 0x460-0x47f has been reserved
Aug 20 10:20:57 kernel: system 00:0d: ioport range 0x800-0x87f has been reserved
Aug 20 10:20:57 kernel: system 00:0d: ioport range 0x880-0x8ff has been reserved
Aug 20 10:20:57 kernel: system 00:0d: ioport range 0xf800-0xf81f has been reserved
Aug 20 10:20:57 kernel: system 00:0d: ioport range 0xf820-0xf83f has been reserved
Aug 20 10:20:57 kernel: system 00:0d: ioport range 0xf840-0xf85f has been reserved
Aug 20 10:20:57 kernel: system 00:0d: ioport range 0xf860-0xf87f has been reserved
Aug 20 10:20:57 kernel: system 00:0d: ioport range 0xfa00-0xfa3f has been reserved
Aug 20 10:20:57 kernel: system 00:0d: ioport range 0xfc00-0xfc7f has been reserved
Aug 20 10:20:57 kernel: system 00:0d: ioport range 0xfc80-0xfcff has been reserved
Aug 20 10:20:57 kernel: system 00:0d: ioport range 0xfe00-0xfe7f has been reserved
Aug 20 10:20:57 kernel: system 00:0d: ioport range 0xfe80-0xfeff has been reserved
Aug 20 10:20:57 kernel: system 00:0e: iomem range 0x0-0x9ffff could not be reserved
Aug 20 10:20:57 kernel: system 00:0e: iomem range 0x100000-0xdfffffff could not be reserved
Aug 20 10:20:57 kernel: system 00:0e: iomem range 0xe4000-0xfffff could not be reserved
Aug 20 10:20:57 kernel: system 00:0e: iomem range 0xfec01000-0xfecfffff has been reserved
Aug 20 10:20:57 kernel: system 00:0e: iomem range 0xfed00400-0xfed3ffff has been reserved
Aug 20 10:20:57 kernel: system 00:0e: iomem range 0xfed45000-0xffffffff has been reserved
Aug 20 10:20:57 kernel: system 00:0e: iomem range 0xf4000000-0xf7ffffff has been reserved
Aug 20 10:20:57 kernel: system 00:0e: iomem range 0xcea00-0xe3fff has been reserved
Aug 20 10:20:57 kernel: pci 0000:01:00.0: BAR 6: can't allocate mem resource [0xf0000000-0xefffffff]
Aug 20 10:20:57 kernel: pci 0000:00:01.0: PCI bridge, secondary bus 0000:01
Aug 20 10:20:57 kernel: pci 0000:00:01.0:   IO window: 0x1000-0x1fff
Aug 20 10:20:57 kernel: pci 0000:00:01.0:   MEM window: 0xf0000000-0xf2ffffff
Aug 20 10:20:57 kernel: pci 0000:00:01.0:   PREFETCH window: 0x000000e0000000-0x000000efffffff
Aug 20 10:20:57 kernel: pci 0000:00:1c.0: PCI bridge, secondary bus 0000:20
Aug 20 10:20:57 kernel: pci 0000:00:1c.0:   IO window: 0x3000-0x3fff
Aug 20 10:20:57 kernel: pci 0000:00:1c.0:   MEM window: 0xf3100000-0xf32fffff
Aug 20 10:20:57 kernel: pci 0000:00:1c.0:   PREFETCH window: 0x000000f3300000-0x000000f34fffff
Aug 20 10:20:57 kernel: pci 0000:00:1c.4: PCI bridge, secondary bus 0000:30
Aug 20 10:20:57 kernel: pci 0000:00:1c.4:   IO window: 0x4000-0x4fff
Aug 20 10:20:57 kernel: pci 0000:00:1c.4:   MEM window: 0xf3500000-0xf36fffff
Aug 20 10:20:57 kernel: pci 0000:00:1c.4:   PREFETCH window: 0x000000f3700000-0x000000f38fffff
Aug 20 10:20:57 kernel: pci 0000:00:1e.0: PCI bridge, secondary bus 0000:10
Aug 20 10:20:57 kernel: pci 0000:00:1e.0:   IO window: disabled
Aug 20 10:20:57 kernel: pci 0000:00:1e.0:   MEM window: disabled
Aug 20 10:20:57 kernel: pci 0000:00:1e.0:   PREFETCH window: disabled
Aug 20 10:20:57 kernel: pci 0000:00:01.0: PCI INT A -> GSI 16 (level, low) -> IRQ 16
Aug 20 10:20:57 kernel: pci 0000:00:1c.4: PCI INT A -> GSI 20 (level, low) -> IRQ 20
Aug 20 10:20:57 kernel: NET: Registered protocol family 2
Aug 20 10:20:57 kernel: IP route cache hash table entries: 32768 (order: 5, 131072 bytes)
Aug 20 10:20:57 kernel: TCP established hash table entries: 131072 (order: 8, 1048576 bytes)
Aug 20 10:20:57 kernel: TCP bind hash table entries: 65536 (order: 7, 524288 bytes)
Aug 20 10:20:57 kernel: TCP: Hash tables configured (established 131072 bind 65536)
Aug 20 10:20:57 kernel: TCP reno registered
Aug 20 10:20:57 kernel: NET: Registered protocol family 1
Aug 20 10:20:57 kernel: Trying to unpack rootfs image as initramfs...
Aug 20 10:20:57 kernel: Freeing initrd memory: 11843k freed
Aug 20 10:20:57 kernel: apm: BIOS not found.
Aug 20 10:20:57 kernel: audit: initializing netlink socket (disabled)
Aug 20 10:20:57 kernel: type=2000 audit(1345429246.597:1): initialized
Aug 20 10:20:57 kernel: highmem bounce pool size: 64 pages
Aug 20 10:20:57 kernel: HugeTLB registered 2 MB page size, pre-allocated 0 pages
Aug 20 10:20:57 kernel: VFS: Disk quotas dquot_6.5.2
Aug 20 10:20:57 kernel: Dquot-cache hash table entries: 1024 (order 0, 4096 bytes)
Aug 20 10:20:57 kernel: msgmni has been set to 1638
Aug 20 10:20:57 kernel: alg: No test for stdrng (krng)
Aug 20 10:20:57 kernel: Block layer SCSI generic (bsg) driver version 0.4 loaded (major 252)
Aug 20 10:20:57 kernel: io scheduler noop registered
Aug 20 10:20:57 kernel: io scheduler anticipatory registered
Aug 20 10:20:57 kernel: io scheduler deadline registered
Aug 20 10:20:57 kernel: io scheduler cfq registered (default)
Aug 20 10:20:57 kernel: pci_hotplug: PCI Hot Plug PCI Core version: 0.5
Aug 20 10:20:57 kernel: ACPI Error (dsfield-0143): [CAPD] Namespace lookup failure, AE_ALREADY_EXISTS
Aug 20 10:20:57 kernel: ACPI Error (psparse-0537): Method parse/execution failed [\_SB_.PCI0._OSC] (Node f70174c8), AE_ALREADY_EXISTS
Aug 20 10:20:57 kernel: ACPI Warning for \_SB_.PCI0._OSC: Parameter count mismatch - ASL declared 5, ACPI requires 4 (20090903/nspredef-336)
Aug 20 10:20:57 kernel: ACPI Error (dsfield-0143): [CAPD] Namespace lookup failure, AE_ALREADY_EXISTS
Aug 20 10:20:57 kernel: ACPI Error (psparse-0537): Method parse/execution failed [\_SB_.PCI0._OSC] (Node f70174c8), AE_ALREADY_EXISTS
Aug 20 10:20:57 kernel: ACPI Warning for \_SB_.PCI0._OSC: Parameter count mismatch - ASL declared 5, ACPI requires 4 (20090903/nspredef-336)
Aug 20 10:20:57 kernel: ACPI Error (dsfield-0143): [CAPD] Namespace lookup failure, AE_ALREADY_EXISTS
Aug 20 10:20:57 kernel: ACPI Error (psparse-0537): Method parse/execution failed [\_SB_.PCI0._OSC] (Node f70174c8), AE_ALREADY_EXISTS
Aug 20 10:20:57 kernel: ACPI Warning for \_SB_.PCI0._OSC: Parameter count mismatch - ASL declared 5, ACPI requires 4 (20090903/nspredef-336)
Aug 20 10:20:57 kernel: ACPI Error (dsfield-0143): [CAPD] Namespace lookup failure, AE_ALREADY_EXISTS
Aug 20 10:20:57 kernel: ACPI Error (psparse-0537): Method parse/execution failed [\_SB_.PCI0._OSC] (Node f70174c8), AE_ALREADY_EXISTS
Aug 20 10:20:57 kernel: ACPI Warning for \_SB_.PCI0._OSC: Parameter count mismatch - ASL declared 5, ACPI requires 4 (20090903/nspredef-336)
Aug 20 10:20:57 kernel: pciehp: PCI Express Hot Plug Controller Driver version: 0.4
Aug 20 10:20:57 kernel: acpiphp: ACPI Hot Plug PCI Controller Driver version: 0.5
Aug 20 10:20:57 kernel: pci-stub: invalid id string ""
Aug 20 10:20:57 kernel: vesafb: framebuffer at 0xf1000000, mapped to 0xf7e80000, using 1875k, total 14336k
Aug 20 10:20:57 kernel: vesafb: mode is 800x600x16, linelength=1600, pages=2
Aug 20 10:20:57 kernel: vesafb: protected mode interface info at c000:aff0
Aug 20 10:20:57 kernel: vesafb: pmi: set display start = c00cb053, set palette = c00cb0ae
Aug 20 10:20:57 kernel: vesafb: pmi: ports = 3b4 3b5 3ba 3c0 3c1 3c4 3c5 3c6 3c7 3c8 3c9 3cc 3ce 3cf 3d0 3d1 3d2 3d3 3d4 3d5 3da 
Aug 20 10:20:57 kernel: vesafb: scrolling: redraw
Aug 20 10:20:57 kernel: vesafb: Truecolor: size=0:5:6:5, shift=0:11:5:0
Aug 20 10:20:57 kernel: fbcon: VESA VGA (fb0) is primary device
Aug 20 10:20:57 kernel: Console: switching to colour frame buffer device 100x37
Aug 20 10:20:57 kernel: fb0: VESA VGA frame buffer device
Aug 20 10:20:57 kernel: input: Power Button as /devices/LNXSYSTM:00/LNXSYBUS:00/PNP0C0C:00/input/input0
Aug 20 10:20:57 kernel: ACPI: Power Button [PBTN]
Aug 20 10:20:57 kernel: input: Power Button as /devices/LNXSYSTM:00/LNXPWRBN:00/input/input1
Aug 20 10:20:57 kernel: ACPI: Power Button [PWRF]
Aug 20 10:20:57 kernel: ACPI: Invalid PBLK length [7]
Aug 20 10:20:57 kernel: ACPI: SSDT dfbd17a9 003AC (v01 COMPAQ  CPU_TM2 00000001 MSFT 0100000E)
Aug 20 10:20:57 kernel: ACPI: SSDT dfbd14f9 002B0 (v01 COMPAQ      CST 00000001 MSFT 0100000E)
Aug 20 10:20:57 kernel: Marking TSC unstable due to TSC halts in idle
Aug 20 10:20:57 kernel: Switching to clocksource hpet
Aug 20 10:20:57 kernel: processor LNXCPU:00: registered as cooling_device0
Aug 20 10:20:57 kernel: ACPI: Invalid PBLK length [7]
Aug 20 10:20:57 kernel: processor LNXCPU:01: registered as cooling_device1
Aug 20 10:20:57 kernel: ACPI: Invalid PBLK length [7]
Aug 20 10:20:57 kernel: processor LNXCPU:02: registered as cooling_device2
Aug 20 10:20:57 kernel: ACPI: Invalid PBLK length [7]
Aug 20 10:20:57 kernel: processor LNXCPU:03: registered as cooling_device3
Aug 20 10:20:57 kernel: isapnp: Scanning for PnP cards...
Aug 20 10:20:57 kernel: isapnp: No Plug & Play device found
Aug 20 10:20:57 kernel: Non-volatile memory driver v1.3
Aug 20 10:20:57 kernel: Linux agpgart interface v0.103
Aug 20 10:20:57 kernel: tpm_tis 00:09: 1.2 TPM (device-id 0xB, rev-id 16)
Aug 20 10:20:57 kernel: Serial: 8250/16550 driver, 4 ports, IRQ sharing enabled
Aug 20 10:20:57 kernel: serial8250: ttyS0 at I/O 0x3f8 (irq = 4) is a 16550A
Aug 20 10:20:57 kernel: 00:07: ttyS0 at I/O 0x3f8 (irq = 4) is a 16550A
Aug 20 10:20:57 kernel: serial 0000:00:03.3: PCI INT B -> GSI 17 (level, low) -> IRQ 17
Aug 20 10:20:57 kernel: 0000:00:03.3: ttyS1 at I/O 0x2260 (irq = 17) is a 16550A
Aug 20 10:20:57 kernel: brd: module loaded
Aug 20 10:20:57 kernel: loop: module loaded
Aug 20 10:20:57 kernel: input: Macintosh mouse button emulation as /devices/virtual/input/input2
Aug 20 10:20:57 kernel: ata_piix 0000:00:1f.2: PCI INT B -> GSI 18 (level, low) -> IRQ 18
Aug 20 10:20:57 kernel: ata_piix 0000:00:1f.2: MAP [ P0 P2 P1 P3 ]
Aug 20 10:20:57 kernel: scsi0 : ata_piix
Aug 20 10:20:57 kernel: scsi1 : ata_piix
Aug 20 10:20:57 kernel: ata1: SATA max UDMA/133 cmd 0x1f0 ctl 0x3f6 bmdma 0x2210 irq 14
Aug 20 10:20:57 kernel: ata2: SATA max UDMA/133 cmd 0x170 ctl 0x376 bmdma 0x2218 irq 15
Aug 20 10:20:57 kernel: ata_piix 0000:00:1f.5: PCI INT B -> GSI 18 (level, low) -> IRQ 18
Aug 20 10:20:57 kernel: ata_piix 0000:00:1f.5: MAP [ P0 -- P1 -- ]
Aug 20 10:20:57 kernel: scsi2 : ata_piix
Aug 20 10:20:57 kernel: scsi3 : ata_piix
Aug 20 10:20:57 kernel: ata3: SATA max UDMA/133 cmd 0x2278 ctl 0x2298 bmdma 0x2230 irq 18
Aug 20 10:20:57 kernel: ata4: SATA max UDMA/133 cmd 0x2280 ctl 0x229c bmdma 0x2238 irq 18
Aug 20 10:20:57 kernel: Fixed MDIO Bus: probed
Aug 20 10:20:57 kernel: ehci_hcd: USB 2.0 'Enhanced' Host Controller (EHCI) Driver
Aug 20 10:20:57 kernel: ehci_hcd 0000:00:1a.7: PCI INT C -> GSI 22 (level, low) -> IRQ 22
Aug 20 10:20:57 kernel: ehci_hcd 0000:00:1a.7: EHCI Host Controller
Aug 20 10:20:57 kernel: ehci_hcd 0000:00:1a.7: new USB bus registered, assigned bus number 1
Aug 20 10:20:57 kernel: ehci_hcd 0000:00:1a.7: debug port 1
Aug 20 10:20:57 kernel: ehci_hcd 0000:00:1a.7: irq 22, io mem 0xf3026000
Aug 20 10:20:57 kernel: ehci_hcd 0000:00:1a.7: USB 2.0 started, EHCI 1.00
Aug 20 10:20:57 kernel: usb usb1: New USB device found, idVendor=1d6b, idProduct=0002
Aug 20 10:20:57 kernel: usb usb1: New USB device strings: Mfr=3, Product=2, SerialNumber=1
Aug 20 10:20:57 kernel: usb usb1: Product: EHCI Host Controller
Aug 20 10:20:57 kernel: usb usb1: Manufacturer: Linux 2.6.32.26-175.fc12.i686.PAE ehci_hcd
Aug 20 10:20:57 kernel: usb usb1: SerialNumber: 0000:00:1a.7
Aug 20 10:20:57 kernel: usb usb1: configuration #1 chosen from 1 choice
Aug 20 10:20:57 kernel: hub 1-0:1.0: USB hub found
Aug 20 10:20:57 kernel: hub 1-0:1.0: 6 ports detected
Aug 20 10:20:57 kernel: ehci_hcd 0000:00:1d.7: PCI INT A -> GSI 20 (level, low) -> IRQ 20
Aug 20 10:20:57 kernel: ehci_hcd 0000:00:1d.7: EHCI Host Controller
Aug 20 10:20:57 kernel: ehci_hcd 0000:00:1d.7: new USB bus registered, assigned bus number 2
Aug 20 10:20:57 kernel: ehci_hcd 0000:00:1d.7: debug port 1
Aug 20 10:20:57 kernel: ehci_hcd 0000:00:1d.7: irq 20, io mem 0xf3026400
Aug 20 10:20:57 kernel: ehci_hcd 0000:00:1d.7: USB 2.0 started, EHCI 1.00
Aug 20 10:20:57 kernel: usb usb2: New USB device found, idVendor=1d6b, idProduct=0002
Aug 20 10:20:57 kernel: usb usb2: New USB device strings: Mfr=3, Product=2, SerialNumber=1
Aug 20 10:20:57 kernel: usb usb2: Product: EHCI Host Controller
Aug 20 10:20:57 kernel: usb usb2: Manufacturer: Linux 2.6.32.26-175.fc12.i686.PAE ehci_hcd
Aug 20 10:20:57 kernel: usb usb2: SerialNumber: 0000:00:1d.7
Aug 20 10:20:57 kernel: usb usb2: configuration #1 chosen from 1 choice
Aug 20 10:20:57 kernel: hub 2-0:1.0: USB hub found
Aug 20 10:20:57 kernel: hub 2-0:1.0: 6 ports detected
Aug 20 10:20:57 kernel: ohci_hcd: USB 1.1 'Open' Host Controller (OHCI) Driver
Aug 20 10:20:57 kernel: uhci_hcd: USB Universal Host Controller Interface driver
Aug 20 10:20:57 kernel: uhci_hcd 0000:00:1a.0: PCI INT A -> GSI 20 (level, low) -> IRQ 20
Aug 20 10:20:57 kernel: uhci_hcd 0000:00:1a.0: UHCI Host Controller
Aug 20 10:20:57 kernel: uhci_hcd 0000:00:1a.0: new USB bus registered, assigned bus number 3
Aug 20 10:20:57 kernel: uhci_hcd 0000:00:1a.0: irq 20, io base 0x00002120
Aug 20 10:20:57 kernel: usb usb3: New USB device found, idVendor=1d6b, idProduct=0001
Aug 20 10:20:57 kernel: usb usb3: New USB device strings: Mfr=3, Product=2, SerialNumber=1
Aug 20 10:20:57 kernel: usb usb3: Product: UHCI Host Controller
Aug 20 10:20:57 kernel: usb usb3: Manufacturer: Linux 2.6.32.26-175.fc12.i686.PAE uhci_hcd
Aug 20 10:20:57 kernel: usb usb3: SerialNumber: 0000:00:1a.0
Aug 20 10:20:57 kernel: usb usb3: configuration #1 chosen from 1 choice
Aug 20 10:20:57 kernel: hub 3-0:1.0: USB hub found
Aug 20 10:20:57 kernel: hub 3-0:1.0: 2 ports detected
Aug 20 10:20:57 kernel: uhci_hcd 0000:00:1a.1: PCI INT B -> GSI 21 (level, low) -> IRQ 21
Aug 20 10:20:57 kernel: uhci_hcd 0000:00:1a.1: UHCI Host Controller
Aug 20 10:20:57 kernel: uhci_hcd 0000:00:1a.1: new USB bus registered, assigned bus number 4
Aug 20 10:20:57 kernel: uhci_hcd 0000:00:1a.1: irq 21, io base 0x00002140
Aug 20 10:20:57 kernel: usb usb4: New USB device found, idVendor=1d6b, idProduct=0001
Aug 20 10:20:57 kernel: usb usb4: New USB device strings: Mfr=3, Product=2, SerialNumber=1
Aug 20 10:20:57 kernel: usb usb4: Product: UHCI Host Controller
Aug 20 10:20:57 kernel: usb usb4: Manufacturer: Linux 2.6.32.26-175.fc12.i686.PAE uhci_hcd
Aug 20 10:20:57 kernel: usb usb4: SerialNumber: 0000:00:1a.1
Aug 20 10:20:57 kernel: usb usb4: configuration #1 chosen from 1 choice
Aug 20 10:20:57 kernel: hub 4-0:1.0: USB hub found
Aug 20 10:20:57 kernel: hub 4-0:1.0: 2 ports detected
Aug 20 10:20:57 kernel: uhci_hcd 0000:00:1a.2: PCI INT C -> GSI 22 (level, low) -> IRQ 22
Aug 20 10:20:57 kernel: uhci_hcd 0000:00:1a.2: UHCI Host Controller
Aug 20 10:20:57 kernel: uhci_hcd 0000:00:1a.2: new USB bus registered, assigned bus number 5
Aug 20 10:20:57 kernel: uhci_hcd 0000:00:1a.2: irq 22, io base 0x00002160
Aug 20 10:20:57 kernel: usb usb5: New USB device found, idVendor=1d6b, idProduct=0001
Aug 20 10:20:57 kernel: usb usb5: New USB device strings: Mfr=3, Product=2, SerialNumber=1
Aug 20 10:20:57 kernel: usb usb5: Product: UHCI Host Controller
Aug 20 10:20:57 kernel: usb usb5: Manufacturer: Linux 2.6.32.26-175.fc12.i686.PAE uhci_hcd
Aug 20 10:20:57 kernel: usb usb5: SerialNumber: 0000:00:1a.2
Aug 20 10:20:57 kernel: usb usb5: configuration #1 chosen from 1 choice
Aug 20 10:20:57 kernel: hub 5-0:1.0: USB hub found
Aug 20 10:20:57 kernel: hub 5-0:1.0: 2 ports detected
Aug 20 10:20:57 kernel: uhci_hcd 0000:00:1d.0: PCI INT A -> GSI 20 (level, low) -> IRQ 20
Aug 20 10:20:57 kernel: uhci_hcd 0000:00:1d.0: UHCI Host Controller
Aug 20 10:20:57 kernel: uhci_hcd 0000:00:1d.0: new USB bus registered, assigned bus number 6
Aug 20 10:20:57 kernel: uhci_hcd 0000:00:1d.0: irq 20, io base 0x00002180
Aug 20 10:20:57 kernel: usb usb6: New USB device found, idVendor=1d6b, idProduct=0001
Aug 20 10:20:57 kernel: usb usb6: New USB device strings: Mfr=3, Product=2, SerialNumber=1
Aug 20 10:20:57 kernel: usb usb6: Product: UHCI Host Controller
Aug 20 10:20:57 kernel: usb usb6: Manufacturer: Linux 2.6.32.26-175.fc12.i686.PAE uhci_hcd
Aug 20 10:20:57 kernel: usb usb6: SerialNumber: 0000:00:1d.0
Aug 20 10:20:57 kernel: usb usb6: configuration #1 chosen from 1 choice
Aug 20 10:20:57 kernel: hub 6-0:1.0: USB hub found
Aug 20 10:20:57 kernel: hub 6-0:1.0: 2 ports detected
Aug 20 10:20:57 kernel: uhci_hcd 0000:00:1d.1: PCI INT B -> GSI 21 (level, low) -> IRQ 21
Aug 20 10:20:57 kernel: uhci_hcd 0000:00:1d.1: UHCI Host Controller
Aug 20 10:20:57 kernel: uhci_hcd 0000:00:1d.1: new USB bus registered, assigned bus number 7
Aug 20 10:20:57 kernel: uhci_hcd 0000:00:1d.1: irq 21, io base 0x000021a0
Aug 20 10:20:57 kernel: usb usb7: New USB device found, idVendor=1d6b, idProduct=0001
Aug 20 10:20:57 kernel: usb usb7: New USB device strings: Mfr=3, Product=2, SerialNumber=1
Aug 20 10:20:57 kernel: usb usb7: Product: UHCI Host Controller
Aug 20 10:20:57 kernel: usb usb7: Manufacturer: Linux 2.6.32.26-175.fc12.i686.PAE uhci_hcd
Aug 20 10:20:57 kernel: usb usb7: SerialNumber: 0000:00:1d.1
Aug 20 10:20:57 kernel: usb usb7: configuration #1 chosen from 1 choice
Aug 20 10:20:57 kernel: hub 7-0:1.0: USB hub found
Aug 20 10:20:57 kernel: hub 7-0:1.0: 2 ports detected
Aug 20 10:20:57 kernel: uhci_hcd 0000:00:1d.2: PCI INT C -> GSI 22 (level, low) -> IRQ 22
Aug 20 10:20:57 kernel: uhci_hcd 0000:00:1d.2: UHCI Host Controller
Aug 20 10:20:57 kernel: uhci_hcd 0000:00:1d.2: new USB bus registered, assigned bus number 8
Aug 20 10:20:57 kernel: uhci_hcd 0000:00:1d.2: irq 22, io base 0x000021c0
Aug 20 10:20:57 kernel: usb usb8: New USB device found, idVendor=1d6b, idProduct=0001
Aug 20 10:20:57 kernel: usb usb8: New USB device strings: Mfr=3, Product=2, SerialNumber=1
Aug 20 10:20:57 kernel: usb usb8: Product: UHCI Host Controller
Aug 20 10:20:57 kernel: usb usb8: Manufacturer: Linux 2.6.32.26-175.fc12.i686.PAE uhci_hcd
Aug 20 10:20:57 kernel: usb usb8: SerialNumber: 0000:00:1d.2
Aug 20 10:20:57 kernel: usb usb8: configuration #1 chosen from 1 choice
Aug 20 10:20:57 kernel: hub 8-0:1.0: USB hub found
Aug 20 10:20:57 kernel: hub 8-0:1.0: 2 ports detected
Aug 20 10:20:57 kernel: PNP: PS/2 Controller [PNP0303:KBD,PNP0f0e:PS2M] at 0x60,0x64 irq 1,12
Aug 20 10:20:57 kernel: serio: i8042 KBD port at 0x60,0x64 irq 1
Aug 20 10:20:57 kernel: serio: i8042 AUX port at 0x60,0x64 irq 12
Aug 20 10:20:57 kernel: mice: PS/2 mouse device common for all mice
Aug 20 10:20:57 kernel: rtc_cmos 00:03: RTC can wake from S4
Aug 20 10:20:57 kernel: rtc_cmos 00:03: rtc core: registered rtc_cmos as rtc0
Aug 20 10:20:57 kernel: rtc0: alarms up to one month, y3k, 114 bytes nvram, hpet irqs
Aug 20 10:20:57 kernel: device-mapper: uevent: version 1.0.3
Aug 20 10:20:57 kernel: device-mapper: ioctl: 4.15.0-ioctl (2009-04-01) initialised: dm-devel@redhat.com
Aug 20 10:20:57 kernel: cpuidle: using governor ladder
Aug 20 10:20:57 kernel: cpuidle: using governor menu
Aug 20 10:20:57 kernel: usbcore: registered new interface driver hiddev
Aug 20 10:20:57 kernel: usbcore: registered new interface driver usbhid
Aug 20 10:20:57 kernel: usbhid: v2.6:USB HID core driver
Aug 20 10:20:57 kernel: nf_conntrack version 0.5.0 (16384 buckets, 65536 max)
Aug 20 10:20:57 kernel: CONFIG_NF_CT_ACCT is deprecated and will be removed soon. Please use
Aug 20 10:20:57 kernel: nf_conntrack.acct=1 kernel parameter, acct=1 nf_conntrack module option or
Aug 20 10:20:57 kernel: sysctl net.netfilter.nf_conntrack_acct=1 to enable it.
Aug 20 10:20:57 kernel: ip_tables: (C) 2000-2006 Netfilter Core Team
Aug 20 10:20:57 kernel: TCP cubic registered
Aug 20 10:20:57 kernel: Initializing XFRM netlink socket
Aug 20 10:20:57 kernel: NET: Registered protocol family 17
Aug 20 10:20:57 kernel: Using IPI No-Shortcut mode
Aug 20 10:20:57 kernel: registered taskstats version 1
Aug 20 10:20:57 kernel: No TPM chip found, activating TPM-bypass!
Aug 20 10:20:57 kernel:  Magic number: 8:993:308
Aug 20 10:20:57 kernel: tty tty37: hash matches
Aug 20 10:20:57 kernel: rtc_cmos 00:03: setting system clock to 2012-08-20 02:20:48 UTC (1345429248)
Aug 20 10:20:57 kernel: Initalizing network drop monitor service
Aug 20 10:20:57 kernel: ata3: SATA link down (SStatus 0 SControl 300)
Aug 20 10:20:57 kernel: ata4: SATA link down (SStatus 0 SControl 300)
Aug 20 10:20:57 kernel: usb 4-1: new low speed USB device using uhci_hcd and address 2
Aug 20 10:20:57 kernel: ata2.00: SATA link up 1.5 Gbps (SStatus 113 SControl 300)
Aug 20 10:20:57 kernel: ata2.01: SATA link down (SStatus 0 SControl 300)
Aug 20 10:20:57 kernel: ata1.00: SATA link up 3.0 Gbps (SStatus 123 SControl 300)
Aug 20 10:20:57 kernel: ata1.01: SATA link down (SStatus 0 SControl 300)
Aug 20 10:20:57 kernel: ata1.00: ATA-8: ST3160318AS, HP34, max UDMA/100
Aug 20 10:20:57 kernel: ata1.00: 312581808 sectors, multi 16: LBA48 NCQ (depth 0/32)
Aug 20 10:20:57 kernel: ata1.00: configured for UDMA/100
Aug 20 10:20:57 kernel: scsi 0:0:0:0: Direct-Access     ATA      ST3160318AS      HP34 PQ: 0 ANSI: 5
Aug 20 10:20:57 kernel: sd 0:0:0:0: Attached scsi generic sg0 type 0
Aug 20 10:20:57 kernel: sd 0:0:0:0: [sda] 312581808 512-byte logical blocks: (160 GB/149 GiB)
Aug 20 10:20:57 kernel: sd 0:0:0:0: [sda] Write Protect is off
Aug 20 10:20:57 kernel: sd 0:0:0:0: [sda] Write cache: enabled, read cache: enabled, doesn't support DPO or FUA
Aug 20 10:20:57 kernel: sda:
Aug 20 10:20:57 kernel: ata2.00: ATAPI: hp      DVD-RAM GH40L, RB0E, max UDMA/100
Aug 20 10:20:57 kernel: sda1 sda2 sda3 sda4 <
Aug 20 10:20:57 kernel: ata2.00: configured for UDMA/100
Aug 20 10:20:57 kernel: sda5 >
Aug 20 10:20:57 kernel: scsi 1:0:0:0: CD-ROM            hp       DVD-RAM GH40L    RB0E PQ: 0 ANSI: 5
Aug 20 10:20:57 kernel: sd 0:0:0:0: [sda] Attached SCSI disk
Aug 20 10:20:57 kernel: sr0: scsi3-mmc drive: 40x/40x writer dvd-ram cd/rw xa/form2 cdda tray
Aug 20 10:20:57 kernel: Uniform CD-ROM driver Revision: 3.20
Aug 20 10:20:57 kernel: sr 1:0:0:0: Attached scsi generic sg1 type 5
Aug 20 10:20:57 kernel: Freeing unused kernel memory: 564k freed
Aug 20 10:20:57 kernel: Write protecting the kernel text: 3768k
Aug 20 10:20:57 kernel: Write protecting the kernel read-only data: 1768k
Aug 20 10:20:57 kernel: dracut: dracut-005-5.fc12
Aug 20 10:20:57 kernel: usb 4-1: New USB device found, idVendor=03f0, idProduct=0024
Aug 20 10:20:57 kernel: usb 4-1: New USB device strings: Mfr=1, Product=2, SerialNumber=0
Aug 20 10:20:57 kernel: usb 4-1: Product: HP Basic USB Keyboard
Aug 20 10:20:57 kernel: usb 4-1: Manufacturer: CHICONY
Aug 20 10:20:57 kernel: usb 4-1: configuration #1 chosen from 1 choice
Aug 20 10:20:57 kernel: udev: starting version 145
Aug 20 10:20:57 kernel: input: CHICONY HP Basic USB Keyboard as /devices/pci0000:00/0000:00:1a.1/usb4/4-1/4-1:1.0/input/input3
Aug 20 10:20:57 kernel: generic-usb 0003:03F0:0024.0001: input,hidraw0: USB HID v1.10 Keyboard [CHICONY HP Basic USB Keyboard] on usb-0000:00:1a.1-1/input0
Aug 20 10:20:57 kernel: dracut: Starting plymouth daemon
Aug 20 10:20:57 kernel: pata_acpi 0000:00:03.2: PCI INT C -> GSI 18 (level, low) -> IRQ 18
Aug 20 10:20:57 kernel: pata_acpi 0000:00:03.2: PCI INT C disabled
Aug 20 10:20:57 kernel: usb 4-2: new low speed USB device using uhci_hcd and address 3
Aug 20 10:20:57 kernel: usb 4-2: New USB device found, idVendor=046d, idProduct=c06a
Aug 20 10:20:57 kernel: usb 4-2: New USB device strings: Mfr=1, Product=2, SerialNumber=0
Aug 20 10:20:57 kernel: usb 4-2: Product: USB Optical Mouse
Aug 20 10:20:57 kernel: usb 4-2: Manufacturer: Logitech
Aug 20 10:20:57 kernel: usb 4-2: configuration #1 chosen from 1 choice
Aug 20 10:20:57 kernel: EXT4-fs (sda1): mounted filesystem with ordered data mode
Aug 20 10:20:57 kernel: input: Logitech USB Optical Mouse as /devices/pci0000:00/0000:00:1a.1/usb4/4-2/4-2:1.0/input/input4
Aug 20 10:20:57 kernel: generic-usb 0003:046D:C06A.0002: input,hidraw1: USB HID v1.11 Mouse [Logitech USB Optical Mouse] on usb-0000:00:1a.1-2/input0
Aug 20 10:20:57 kernel: dracut: Mounted root filesystem /dev/sda1
Aug 20 10:20:57 kernel: dracut: Loading SELinux policy
Aug 20 10:20:57 kernel: SELinux:  Disabled at runtime.
Aug 20 10:20:57 kernel: type=1404 audit(1345429250.016:2): selinux=0 auid=4294967295 ses=4294967295
Aug 20 10:20:57 kernel: dracut: /sbin/load_policy: Can't load policy: No such file or directory
Aug 20 10:20:57 kernel: dracut: Switching root
Aug 20 10:20:57 kernel: udev: starting version 145
Aug 20 10:20:57 kernel: ACPI: WMI: Mapper loaded
Aug 20 10:20:57 kernel: iTCO_vendor_support: vendor-support=0
Aug 20 10:20:57 kernel: e1000e: Intel(R) PRO/1000 Network Driver - 1.0.2-k2
Aug 20 10:20:57 kernel: e1000e: Copyright (c) 1999-2008 Intel Corporation.
Aug 20 10:20:57 kernel: e1000e 0000:00:19.0: PCI INT B -> GSI 19 (level, low) -> IRQ 19
Aug 20 10:20:57 kernel: 0000:00:19.0: eth0: (PCI Express:2.5GB/s:Width x1) 18:a9:05:c0:57:76
Aug 20 10:20:57 kernel: 0000:00:19.0: eth0: Intel(R) PRO/1000 Network Connection
Aug 20 10:20:57 kernel: 0000:00:19.0: eth0: MAC: 8, PHY: 8, PBA No: ffffff-0ff
Aug 20 10:20:57 kernel: nvidia: module license 'NVIDIA' taints kernel.
Aug 20 10:20:57 kernel: Disabling lock debugging due to kernel taint
Aug 20 10:20:57 kernel: iTCO_wdt: Intel TCO WatchDog Timer Driver v1.05
Aug 20 10:20:57 kernel: iTCO_wdt: Found a ICH10DO TCO device (Version=2, TCOBASE=0xf860)
Aug 20 10:20:57 kernel: iTCO_wdt: initialized. heartbeat=30 sec (nowayout=0)
Aug 20 10:20:57 kernel: HDA Intel 0000:00:1b.0: PCI INT A -> GSI 21 (level, low) -> IRQ 21
Aug 20 10:20:57 kernel: input: HP WMI hotkeys as /devices/virtual/input/input5
Aug 20 10:20:57 kernel: hda_codec: ALC662 rev1: BIOS auto-probing.
Aug 20 10:20:57 kernel: input: HDA Digital PCBeep as /devices/pci0000:00/0000:00:1b.0/input/input6
Aug 20 10:20:57 kernel: nvidia 0000:01:00.0: PCI INT A -> GSI 16 (level, low) -> IRQ 16
Aug 20 10:20:57 kernel: NVRM: loading NVIDIA UNIX x86 Kernel Module  190.53  Tue Dec  8 18:51:41 PST 2009
Aug 20 10:20:57 kernel: kvm: disabled by bios
Aug 20 10:20:57 kernel: device-mapper: multipath: version 1.1.0 loaded
Aug 20 10:20:57 kernel: EXT4-fs (sda5): mounted filesystem with ordered data mode
Aug 20 10:20:57 kernel: EXT4-fs (sda2): mounted filesystem with ordered data mode
Aug 20 10:20:57 kernel: Adding 2097144k swap on /dev/sda3.  Priority:-1 extents:1 across:2097144k 
Aug 20 10:20:57 kernel: microcode: CPU0 sig=0x1067a, pf=0x10, revision=0xa07
Aug 20 10:20:57 kernel: platform microcode: firmware: requesting intel-ucode/06-17-0a
Aug 20 10:20:57 kernel: microcode: CPU1 sig=0x1067a, pf=0x10, revision=0xa07
Aug 20 10:20:57 kernel: platform microcode: firmware: requesting intel-ucode/06-17-0a
Aug 20 10:20:57 kernel: microcode: CPU2 sig=0x1067a, pf=0x10, revision=0xa07
Aug 20 10:20:57 kernel: platform microcode: firmware: requesting intel-ucode/06-17-0a
Aug 20 10:20:57 kernel: microcode: CPU3 sig=0x1067a, pf=0x10, revision=0xa07
Aug 20 10:20:57 kernel: platform microcode: firmware: requesting intel-ucode/06-17-0a
Aug 20 10:20:57 kernel: Microcode Update Driver: v2.00 <tigran@aivazian.fsnet.co.uk>, Peter Oruba
Aug 20 10:20:57 kernel: Microcode Update Driver: v2.00 removed.
Aug 20 10:20:57 kernel: NET: Registered protocol family 10
Aug 20 10:20:57 kernel: lo: Disabled Privacy Extensions
Aug 20 10:20:57 kernel: ip6_tables: (C) 2000-2006 Netfilter Core Team
Aug 20 10:20:57 cpuspeed: Enabling ondemand cpu frequency scaling governor
Aug 20 10:20:59 NetworkManager[1132]: <info> NetworkManager (version 0.8.1-9.git20100831.fc12) is starting...
Aug 20 10:20:59 NetworkManager[1132]: <info> Read config file /etc/NetworkManager/NetworkManager.conf
Aug 20 10:20:59 NetworkManager[1132]: <info> VPN: loaded org.freedesktop.NetworkManager.pptp
Aug 20 10:20:59 NetworkManager[1132]: <info> VPN: loaded org.freedesktop.NetworkManager.vpnc
Aug 20 10:20:59 NetworkManager[1132]: <info> VPN: loaded org.freedesktop.NetworkManager.openvpn
Aug 20 10:20:59 NetworkManager[1132]: <info> trying to start the modem manager...
Aug 20 10:20:59 NetworkManager[1132]: <info> monitoring kernel firmware directory '/lib/firmware'.
Aug 20 10:20:59 NetworkManager[1132]:    ifcfg-rh: Acquired D-Bus service com.redhat.ifcfgrh1
Aug 20 10:20:59 NetworkManager[1132]: <info> Loaded plugin ifcfg-rh: (c) 2007 - 2008 Red Hat, Inc.  To report bugs please use the NetworkManager mailing list.
Aug 20 10:20:59 NetworkManager[1132]:    ifcfg-rh: parsing /etc/sysconfig/network-scripts/ifcfg-lo ... 
Aug 20 10:20:59 NetworkManager[1132]:    ifcfg-rh: parsing /etc/sysconfig/network-scripts/ifcfg-eth0 ... 
Aug 20 10:20:59 NetworkManager[1132]:    ifcfg-rh:     read connection 'System eth0'
Aug 20 10:20:59 NetworkManager[1132]: <info> found WWan radio killswitch rfkill0 (at /sys/devices/platform/hp-wmi/rfkill/rfkill0) (driver hp-wmi)
Aug 20 10:20:59 modem-manager: ModemManager (version 0.4-5.git20100720.fc12) starting...
Aug 20 10:20:59 NetworkManager[1132]: <info> WiFi enabled by radio killswitch; enabled by state file
Aug 20 10:20:59 NetworkManager[1132]: <info> WWAN enabled by radio killswitch; enabled by state file
Aug 20 10:20:59 NetworkManager[1132]: <info> WiMAX enabled by radio killswitch; enabled by state file
Aug 20 10:20:59 NetworkManager[1132]: <info> Networking is enabled by state file
Aug 20 10:20:59 avahi-daemon[1145]: Found user 'avahi' (UID 497) and group 'avahi' (GID 490).
Aug 20 10:20:59 modem-manager: Loaded plugin Novatel
Aug 20 10:20:59 avahi-daemon[1145]: Successfully dropped root privileges.
Aug 20 10:20:59 modem-manager: Loaded plugin Sierra
Aug 20 10:20:59 avahi-daemon[1145]: avahi-daemon 0.6.25 starting up.
Aug 20 10:20:59 avahi-daemon[1145]: WARNING: No NSS support for mDNS detected, consider installing nss-mdns!
Aug 20 10:20:59 modem-manager: Loaded plugin Option
Aug 20 10:20:59 modem-manager: Loaded plugin Longcheer
Aug 20 10:20:59 modem-manager: Loaded plugin SimTech
Aug 20 10:20:59 avahi-daemon[1145]: Successfully called chroot().
Aug 20 10:20:59 avahi-daemon[1145]: Successfully dropped remaining capabilities.
Aug 20 10:20:59 modem-manager: Loaded plugin AnyData
Aug 20 10:20:59 avahi-daemon[1145]: Loading service file /services/ssh.service.
Aug 20 10:20:59 avahi-daemon[1145]: Network interface enumeration completed.
Aug 20 10:20:59 avahi-daemon[1145]: Registering HINFO record with values 'I686'/'LINUX'.
Aug 20 10:20:59 avahi-daemon[1145]: Server startup complete. Host name is hons-11.local. Local service cookie is 1105518134.
Aug 20 10:20:59 avahi-daemon[1145]: Service "hons-11" (/services/ssh.service) successfully established.
Aug 20 10:20:59 modem-manager: Loaded plugin MotoC
Aug 20 10:20:59 modem-manager: Loaded plugin Generic
Aug 20 10:20:59 modem-manager: Loaded plugin ZTE
Aug 20 10:20:59 modem-manager: Loaded plugin Gobi
Aug 20 10:20:59 modem-manager: Loaded plugin Huawei
Aug 20 10:20:59 modem-manager: Loaded plugin Ericsson MBM
Aug 20 10:20:59 modem-manager: Loaded plugin Nokia
Aug 20 10:20:59 modem-manager: Loaded plugin Option High-Speed
Aug 20 10:20:59 modem-manager: (ttyS1) opening serial device...
Aug 20 10:20:59 NetworkManager[1132]: <info> (eth0): carrier is OFF
Aug 20 10:20:59 NetworkManager[1132]: <info> (eth0): new Ethernet device (driver: 'e1000e' ifindex: 2)
Aug 20 10:20:59 NetworkManager[1132]: <info> (eth0): exported as /org/freedesktop/NetworkManager/Devices/0
Aug 20 10:20:59 NetworkManager[1132]: <info> (eth0): now managed
Aug 20 10:20:59 NetworkManager[1132]: <info> (eth0): device state change: 1 -> 2 (reason 2)
Aug 20 10:20:59 NetworkManager[1132]: <info> (eth0): bringing up device.
Aug 20 10:20:59 kernel: ADDRCONF(NETDEV_UP): eth0: link is not ready
Aug 20 10:20:59 NetworkManager[1132]: <info> (eth0): preparing device.
Aug 20 10:20:59 NetworkManager[1132]: <info> (eth0): deactivating device (reason: 2).
Aug 20 10:20:59 NetworkManager[1132]: <warn> bluez error getting default adapter: The name org.bluez was not provided by any .service files
Aug 20 10:20:59 NetworkManager[1132]: <info> modem-manager is now available
Aug 20 10:20:59 NetworkManager[1132]: <info> Trying to start the supplicant...
Aug 20 10:21:00 rpc.statd[1165]: Version 1.2.1 Starting
Aug 20 10:21:01 sm-notify[1168]: DNS resolution of waltz.eng.fadden.edu.au failed; retrying later
Aug 20 10:21:01 kernel: RPC: Registered udp transport module.
Aug 20 10:21:01 kernel: RPC: Registered tcp transport module.
Aug 20 10:21:01 kernel: RPC: Registered tcp NFSv4.1 backchannel transport module.
Aug 20 10:21:01 kernel: ppdev: user-space parallel port driver
Aug 20 10:21:02 kernel: e1000e: eth0 NIC Link is Up 100 Mbps Full Duplex, Flow Control: None
Aug 20 10:21:02 kernel: 0000:00:19.0: eth0: 10/100 speed: disabling TSO
Aug 20 10:21:02 kernel: ADDRCONF(NETDEV_CHANGE): eth0: link becomes ready
Aug 20 10:21:02 NetworkManager[1132]: <info> (eth0): carrier now ON (device state 2)
Aug 20 10:21:02 NetworkManager[1132]: <info> (eth0): device state change: 2 -> 3 (reason 40)
Aug 20 10:21:02 NetworkManager[1132]: <info> Activation (eth0) starting connection 'System eth0'
Aug 20 10:21:02 NetworkManager[1132]: <info> (eth0): device state change: 3 -> 4 (reason 0)
Aug 20 10:21:02 NetworkManager[1132]: <info> Activation (eth0) Stage 1 of 5 (Device Prepare) scheduled...
Aug 20 10:21:02 NetworkManager[1132]: <info> Activation (eth0) Stage 1 of 5 (Device Prepare) started...
Aug 20 10:21:02 NetworkManager[1132]: <info> Activation (eth0) Stage 2 of 5 (Device Configure) scheduled...
Aug 20 10:21:02 NetworkManager[1132]: <info> Activation (eth0) Stage 1 of 5 (Device Prepare) complete.
Aug 20 10:21:02 NetworkManager[1132]: <info> Activation (eth0) Stage 2 of 5 (Device Configure) starting...
Aug 20 10:21:02 NetworkManager[1132]: <info> (eth0): device state change: 4 -> 5 (reason 0)
Aug 20 10:21:02 NetworkManager[1132]: <info> Activation (eth0) Stage 2 of 5 (Device Configure) successful.
Aug 20 10:21:02 NetworkManager[1132]: <info> Activation (eth0) Stage 3 of 5 (IP Configure Start) scheduled.
Aug 20 10:21:02 NetworkManager[1132]: <info> Activation (eth0) Stage 2 of 5 (Device Configure) complete.
Aug 20 10:21:02 NetworkManager[1132]: <info> Activation (eth0) Stage 3 of 5 (IP Configure Start) started...
Aug 20 10:21:02 NetworkManager[1132]: <info> (eth0): device state change: 5 -> 7 (reason 0)
Aug 20 10:21:02 NetworkManager[1132]: <info> Activation (eth0) Beginning DHCPv4 transaction (timeout in 45 seconds)
Aug 20 10:21:02 NetworkManager[1132]: <info> dhclient started with pid 1286
Aug 20 10:21:02 NetworkManager[1132]: <info> Activation (eth0) Stage 3 of 5 (IP Configure Start) complete.
Aug 20 10:21:02 dhclient[1286]: Internet Systems Consortium DHCP Client 4.1.1-P1
Aug 20 10:21:02 dhclient[1286]: Copyright 2004-2010 Internet Systems Consortium.
Aug 20 10:21:02 dhclient[1286]: All rights reserved.
Aug 20 10:21:02 dhclient[1286]: For info, please visit https://www.isc.org/software/dhcp/
Aug 20 10:21:02 dhclient[1286]: 
Aug 20 10:21:02 NetworkManager[1132]: <info> (eth0): DHCPv4 state changed nbi -> preinit
Aug 20 10:21:02 dhclient[1286]: Listening on LPF/eth0/18:a9:05:c0:57:76
Aug 20 10:21:02 dhclient[1286]: Sending on   LPF/eth0/18:a9:05:c0:57:76
Aug 20 10:21:02 dhclient[1286]: Sending on   Socket/fallback
Aug 20 10:21:02 acpid: starting up
Aug 20 10:21:02 acpid: 1 rule loaded
Aug 20 10:21:02 acpid: waiting for events: event logging is off
Aug 20 10:21:03 dhclient[1286]: DHCPREQUEST on eth0 to 255.255.255.255 port 67
Aug 20 10:21:03 dhclient[1286]: DHCPACK from 82.13.55.254
Aug 20 10:21:03 dhclient[1286]: bound to 82.13.55.116 -- renewal in 69564 seconds.
Aug 20 10:21:03 NetworkManager[1132]: <info> (eth0): DHCPv4 state changed preinit -> reboot
Aug 20 10:21:03 NetworkManager[1132]: <info> Activation (eth0) Stage 4 of 5 (IP4 Configure Get) scheduled...
Aug 20 10:21:03 NetworkManager[1132]: <info> Activation (eth0) Stage 4 of 5 (IP4 Configure Get) started...
Aug 20 10:21:03 NetworkManager[1132]: <info>   address 82.13.55.116
Aug 20 10:21:03 NetworkManager[1132]: <info>   prefix 24 (255.255.255.0)
Aug 20 10:21:03 NetworkManager[1132]: <info>   gateway 82.13.55.254
Aug 20 10:21:03 NetworkManager[1132]: <info>   nameserver '82.13.32.100'
Aug 20 10:21:03 NetworkManager[1132]: <info>   nameserver '82.13.199.84'
Aug 20 10:21:03 NetworkManager[1132]: <info>   domain name 'eng.fadden.edu.au'
Aug 20 10:21:03 NetworkManager[1132]: <info> Activation (eth0) Stage 5 of 5 (IP Configure Commit) scheduled...
Aug 20 10:21:03 NetworkManager[1132]: <info> Activation (eth0) Stage 4 of 5 (IP4 Configure Get) complete.
Aug 20 10:21:03 NetworkManager[1132]: <info> Activation (eth0) Stage 5 of 5 (IP Configure Commit) started...
Aug 20 10:21:03 avahi-daemon[1145]: Joining mDNS multicast group on interface eth0.IPv4 with address 82.13.55.116.
Aug 20 10:21:03 avahi-daemon[1145]: New relevant interface eth0.IPv4 for mDNS.
Aug 20 10:21:03 avahi-daemon[1145]: Registering new address record for 82.13.55.116 on eth0.IPv4.
Aug 20 10:21:03 sm-notify[1168]: DNS resolution of waltz.eng.fadden.edu.au failed; retrying later
Aug 20 10:21:03 acpid: client connected from 1436[68:474]
Aug 20 10:21:03 acpid: 1 client rule loaded
Aug 20 10:21:03 avahi-daemon[1145]: Registering new address record for fe80::56fc:1f13:8092:eed7 on eth0.*.
Aug 20 10:21:03 pcscd: pcscdaemon.c:506:main() pcsc-lite 1.5.2 daemon ready.
Aug 20 10:21:04 NetworkManager[1132]: <info> (eth0): device state change: 7 -> 8 (reason 0)
Aug 20 10:21:04 NetworkManager[1132]: <info> Policy set 'System eth0' (eth0) as default for IPv4 routing and DNS.
Aug 20 10:21:04 NetworkManager[1132]: <info> Updating /etc/hosts with new system hostname
Aug 20 10:21:04 NetworkManager[1132]: <info> Activation (eth0) successful, device activated.
Aug 20 10:21:04 NetworkManager[1132]: <info> Activation (eth0) Stage 5 of 5 (IP Configure Commit) complete.
Aug 20 10:21:04 nm-dispatcher.action: nm_dispatcher_action: Invalid connection: '(null)' / 'connection setting not found' invalid: 1
Aug 20 10:21:04 kernel: Slow work thread pool: Starting up
Aug 20 10:21:04 kernel: Slow work thread pool: Ready
Aug 20 10:21:04 kernel: FS-Cache: Loaded
Aug 20 10:21:04 kernel: FS-Cache: Netfs 'nfs' registered for caching
Aug 20 10:21:05 automount[1544]: bind_ldap_anonymous: lookup(ldap): Unable to bind to the LDAP server: (default), error Can't contact LDAP server
Aug 20 10:21:05 automount[1544]: bind_ldap_anonymous: lookup(ldap): Unable to bind to the LDAP server: (default), error Can't contact LDAP server
Aug 20 10:21:05 xinetd[1595]: xinetd Version 2.3.14 started with libwrap loadavg labeled-networking options compiled in.
Aug 20 10:21:05 xinetd[1595]: Started working: 0 available services
Aug 20 10:21:05 ntpd[1602]: ntpd 4.2.4p8@1.1612-o Wed Dec  9 11:49:22 UTC 2009 (1)
Aug 20 10:21:05 ntpd[1603]: precision = 1.047 usec
Aug 20 10:21:05 ntpd[1603]: Listening on interface #0 wildcard, 0.0.0.0#123 Disabled
Aug 20 10:21:05 ntpd[1603]: Listening on interface #1 wildcard, ::#123 Disabled
Aug 20 10:21:05 ntpd[1603]: Listening on interface #2 lo, ::1#123 Enabled
Aug 20 10:21:05 ntpd[1603]: Listening on interface #3 eth0, fe80::56fc:1f13:8092:eed7#123 Enabled
Aug 20 10:21:05 ntpd[1603]: Listening on interface #4 lo, 127.0.0.1#123 Enabled
Aug 20 10:21:05 ntpd[1603]: Listening on interface #5 eth0, 82.13.55.116#123 Enabled
Aug 20 10:21:05 ntpd[1603]: Listening on routing socket on fd #22 for interface updates
Aug 20 10:21:05 ntpd[1603]: kernel time sync status 2040
Aug 20 10:21:05 ntpd[1603]: frequency initialized 11.356 PPM from /var/lib/ntp/drift
Aug 20 10:21:05 nrpe[1611]: Starting up daemon
Aug 20 10:21:05 nrpe[1611]: Listening for connections on port 5666
Aug 20 10:21:05 nrpe[1611]: Allowing connections from: 82.13.192.112,82.13.192.199
Aug 20 10:21:06 abrtd: Registered Analyzer plugin 'Python'
Aug 20 10:21:06 abrtd: Registered Reporter plugin 'KerneloopsReporter'
Aug 20 10:21:06 abrtd: Registered Action plugin 'KerneloopsScanner'
Aug 20 10:21:06 abrtd: Registered Reporter plugin 'Logger'
Aug 20 10:21:06 abrtd: Registered Analyzer plugin 'CCpp'
Aug 20 10:21:06 abrtd: Registered Analyzer plugin 'Kerneloops'
Aug 20 10:21:06 abrtd: Registered Reporter plugin 'Bugzilla'
Aug 20 10:21:06 abrtd: Checking for unsaved crashes (dirs to check:9)
Aug 20 10:21:06 abrtd: Registered Database plugin 'SQLite3'
Aug 20 10:21:07 sm-notify[1168]: DNS resolution of waltz.eng.fadden.edu.au failed; retrying later
Aug 20 10:21:07 abrtd: Done checking for unsaved crashes
Aug 20 10:21:07 abrtd: Init complete, entering main loop
Aug 20 10:21:07 /usr/sbin/gpm[1663]: *** info [daemon/startup.c(136)]: 
Aug 20 10:21:07 /usr/sbin/gpm[1663]: Started gpm successfully. Entered daemon mode.
Aug 20 10:21:07 kernel: Bridge firewalling registered
Aug 20 10:21:07 NetworkManager[1132]: <warn> /sys/devices/virtual/net/virbr0: couldn't determine device driver; ignoring...
Aug 20 10:21:07 avahi-daemon[1145]: Joining mDNS multicast group on interface virbr0.IPv4 with address 192.168.122.1.
Aug 20 10:21:07 avahi-daemon[1145]: New relevant interface virbr0.IPv4 for mDNS.
Aug 20 10:21:07 avahi-daemon[1145]: Registering new address record for 192.168.122.1 on virbr0.IPv4.
Aug 20 10:21:07 kernel: virbr0: starting userspace STP failed, starting kernel STP
Aug 20 10:21:08 dnsmasq[1773]: started, version 2.52 cachesize 150
Aug 20 10:21:08 dnsmasq[1773]: compile time options: IPv6 GNU-getopt DBus no-I18N DHCP TFTP
Aug 20 10:21:08 dnsmasq-dhcp[1773]: DHCP, IP range 192.168.122.2 -- 192.168.122.254, lease time 1h
Aug 20 10:21:08 dnsmasq[1773]: reading /etc/resolv.conf
Aug 20 10:21:08 dnsmasq[1773]: using nameserver 82.13.199.84#53
Aug 20 10:21:08 dnsmasq[1773]: using nameserver 82.13.32.100#53
Aug 20 10:21:08 dnsmasq[1773]: read /etc/hosts - 3 addresses
Aug 20 10:21:08 kernel: Ebtables v2.0 registered
Aug 20 10:21:08 libvirtd: 10:21:08.704: warning : qemudStartup:1641 : Unable to create cgroup for driver: No such device or address
Aug 20 10:21:09 kernel: lo: Disabled Privacy Extensions
Aug 20 10:21:09 libvirtd: 10:21:09.194: warning : lxcStartup:1908 : Unable to create cgroup for driver: No such device or address
Aug 20 10:21:09 ntpd[1603]: Listening on interface #6 virbr0, 192.168.122.1#123 Enabled
Aug 20 10:21:11 acpid: client connected from 1814[0:0]
Aug 20 10:21:11 acpid: 1 client rule loaded
Aug 20 10:21:12 modem-manager: (ttyS1) closing serial device...
Aug 20 10:21:12 modem-manager: (ttyS1) opening serial device...
Aug 20 10:21:15 sm-notify[1168]: DNS resolution of waltz.eng.fadden.edu.au failed; retrying later
Aug 20 10:21:16 rtkit-daemon[1883]: Sucessfully made thread 1881 of process 1881 (/usr/bin/pulseaudio) owned by 'gdm' high priority at nice level -11.
Aug 20 10:21:17 rtkit-daemon[1883]: Sucessfully made thread 1887 of process 1881 (/usr/bin/pulseaudio) owned by 'gdm' RT at priority 5.
Aug 20 10:21:17 rtkit-daemon[1883]: Sucessfully made thread 1888 of process 1881 (/usr/bin/pulseaudio) owned by 'gdm' RT at priority 5.
Aug 20 10:21:18 modem-manager: (ttyS1) closing serial device...
Aug 20 10:21:31 sm-notify[1168]: DNS resolution of waltz.eng.fadden.edu.au failed; retrying later
Aug 20 10:21:53 NetworkManager[1132]: <error> [1345429313.923803] [nm-manager.c:1331] user_proxy_init(): could not init user settings proxy: (3) Could not get owner of name 'org.freedesktop.NetworkManagerUserSettings': no such name
Aug 20 10:22:00 NetworkManager[1132]: <error> [1345429320.178080] [nm-manager.c:1331] user_proxy_init(): could not init user settings proxy: (3) Could not get owner of name 'org.freedesktop.NetworkManagerUserSettings': no such name
Aug 20 10:22:03 sm-notify[1168]: DNS resolution of waltz.eng.fadden.edu.au failed; retrying later
Aug 20 10:22:46 avahi-daemon[1145]: Invalid query packet.
Aug 20 10:22:47 avahi-daemon[1145]: Invalid query packet.
Aug 20 10:22:47 avahi-daemon[1145]: Invalid query packet.
Aug 20 10:22:47 avahi-daemon[1145]: Invalid query packet.
Aug 20 10:22:47 avahi-daemon[1145]: Invalid query packet.
Aug 20 10:22:50 avahi-daemon[1145]: Invalid query packet.
Aug 20 10:22:59 avahi-daemon[1145]: Invalid query packet.
Aug 20 10:23:07 sm-notify[1168]: DNS resolution of waltz.eng.fadden.edu.au failed; retrying later
Aug 20 10:23:19 NetworkManager[1132]: <error> [1345429399.990698] [nm-manager.c:1331] user_proxy_init(): could not init user settings proxy: (3) Could not get owner of name 'org.freedesktop.NetworkManagerUserSettings': no such name
Aug 20 10:23:20 NetworkManager[1132]: <error> [1345429400.694691] [nm-manager.c:1331] user_proxy_init(): could not init user settings proxy: (3) Could not get owner of name 'org.freedesktop.NetworkManagerUserSettings': no such name
Aug 20 10:23:20 NetworkManager[1132]: <error> [1345429400.942481] [nm-manager.c:1331] user_proxy_init(): could not init user settings proxy: (3) Could not get owner of name 'org.freedesktop.NetworkManagerUserSettings': no such name
Aug 20 10:23:26 avahi-daemon[1145]: Invalid query packet.
Aug 20 10:23:38 NetworkManager[1132]: <error> [1345429418.808466] [nm-manager.c:1331] user_proxy_init(): could not init user settings proxy: (3) Could not get owner of name 'org.freedesktop.NetworkManagerUserSettings': no such name
Aug 20 10:23:41 avahi-daemon[1145]: Invalid query packet.
Aug 20 10:23:42 avahi-daemon[1145]: Invalid query packet.
Aug 20 10:23:45 avahi-daemon[1145]: Invalid query packet.
Aug 20 10:25:07 sm-notify[1168]: DNS resolution of waltz.eng.fadden.edu.au failed; retrying later
Aug 20 10:25:22 ntpd[1603]: synchronized to 82.13.134.17, stratum 3
Aug 20 10:25:22 ntpd[1603]: kernel time sync status change 2001
Aug 20 10:25:47 NetworkManager[1132]: <error> [1345429547.27003] [nm-manager.c:1331] user_proxy_init(): could not init user settings proxy: (3) Could not get owner of name 'org.freedesktop.NetworkManagerUserSettings': no such name
Aug 20 10:25:47 NetworkManager[1132]: <error> [1345429547.27446] [nm-manager.c:1331] user_proxy_init(): could not init user settings proxy: (3) Could not get owner of name 'org.freedesktop.NetworkManagerUserSettings': no such name
Aug 20 10:27:07 sm-notify[1168]: DNS resolution of waltz.eng.fadden.edu.au failed; retrying later
Aug 20 10:29:07 sm-notify[1168]: DNS resolution of waltz.eng.fadden.edu.au failed; retrying later
Aug 20 10:31:05 NetworkManager[1132]: <error> [1345429865.869564] [nm-manager.c:1331] user_proxy_init(): could not init user settings proxy: (3) Could not get owner of name 'org.freedesktop.NetworkManagerUserSettings': no such name
Aug 20 10:31:05 NetworkManager[1132]: <error> [1345429865.870884] [nm-manager.c:1331] user_proxy_init(): could not init user settings proxy: (3) Could not get owner of name 'org.freedesktop.NetworkManagerUserSettings': no such name
Aug 20 10:31:05 acpid: client 1814[0:0] has disconnected
Aug 20 10:31:05 acpid: client connected from 1814[0:0]
Aug 20 10:31:05 acpid: 1 client rule loaded
Aug 20 10:31:07 sm-notify[1168]: DNS resolution of waltz.eng.fadden.edu.au failed; retrying later
Aug 20 10:31:09 NetworkManager[1132]: <error> [1345429869.605103] [nm-manager.c:1331] user_proxy_init(): could not init user settings proxy: (3) Could not get owner of name 'org.freedesktop.NetworkManagerUserSettings': no such name
Aug 20 10:31:09 NetworkManager[1132]: <error> [1345429869.605561] [nm-manager.c:1331] user_proxy_init(): could not init user settings proxy: (3) Could not get owner of name 'org.freedesktop.NetworkManagerUserSettings': no such name
Aug 20 10:31:13 NetworkManager[1132]: <error> [1345429873.58498] [nm-manager.c:1331] user_proxy_init(): could not init user settings proxy: (3) Could not get owner of name 'org.freedesktop.NetworkManagerUserSettings': no such name
Aug 20 10:31:13 NetworkManager[1132]: <error> [1345429873.59034] [nm-manager.c:1331] user_proxy_init(): could not init user settings proxy: (3) Could not get owner of name 'org.freedesktop.NetworkManagerUserSettings': no such name
Aug 20 10:33:07 sm-notify[1168]: DNS resolution of waltz.eng.fadden.edu.au failed; retrying later
Aug 20 10:33:24 NetworkManager[1132]: <error> [1345430004.219999] [nm-manager.c:1331] user_proxy_init(): could not init user settings proxy: (3) Could not get owner of name 'org.freedesktop.NetworkManagerUserSettings': no such name
Aug 20 10:33:25 NetworkManager[1132]: <error> [1345430005.139772] [nm-manager.c:1331] user_proxy_init(): could not init user settings proxy: (3) Could not get owner of name 'org.freedesktop.NetworkManagerUserSettings': no such name
Aug 20 10:33:25 NetworkManager[1132]: <error> [1345430005.756270] [nm-manager.c:1331] user_proxy_init(): could not init user settings proxy: (3) Could not get owner of name 'org.freedesktop.NetworkManagerUserSettings': no such name
Aug 20 10:33:25 NetworkManager[1132]: <error> [1345430005.756815] [nm-manager.c:1331] user_proxy_init(): could not init user settings proxy: (3) Could not get owner of name 'org.freedesktop.NetworkManagerUserSettings': no such name
Aug 20 10:33:27 NetworkManager[1132]: <error> [1345430007.140188] [nm-manager.c:1331] user_proxy_init(): could not init user settings proxy: (3) Could not get owner of name 'org.freedesktop.NetworkManagerUserSettings': no such name
Aug 20 10:33:27 NetworkManager[1132]: <error> [1345430007.140726] [nm-manager.c:1331] user_proxy_init(): could not init user settings proxy: (3) Could not get owner of name 'org.freedesktop.NetworkManagerUserSettings': no such name
Aug 20 10:33:27 NetworkManager[1132]: <error> [1345430007.315598] [nm-manager.c:1331] user_proxy_init(): could not init user settings proxy: (3) Could not get owner of name 'org.freedesktop.NetworkManagerUserSettings': no such name
Aug 20 10:33:32 NetworkManager[1132]: <error> [1345430012.550389] [nm-manager.c:1331] user_proxy_init(): could not init user settings proxy: (3) Could not get owner of name 'org.freedesktop.NetworkManagerUserSettings': no such name
Aug 20 10:33:36 NetworkManager[1132]: <error> [1345430016.177998] [nm-manager.c:1331] user_proxy_init(): could not init user settings proxy: (3) Could not get owner of name 'org.freedesktop.NetworkManagerUserSettings': no such name
Aug 20 10:33:36 acpid: client 1814[0:0] has disconnected
Aug 20 10:33:36 acpid: client connected from 2450[0:1000]
Aug 20 10:33:36 acpid: 1 client rule loaded
Aug 20 10:33:36 NetworkManager[1132]: <error> [1345430016.868152] [nm-manager.c:1331] user_proxy_init(): could not init user settings proxy: (3) Could not get owner of name 'org.freedesktop.NetworkManagerUserSettings': no such name
Aug 20 10:33:37 kernel: fuse init (API version 7.13)
Aug 20 10:33:37 seahorse-daemon[2537]: init gpgme version 1.1.8
Aug 20 10:33:38 rtkit-daemon[1883]: Sucessfully made thread 2561 of process 2561 (/usr/bin/pulseaudio) owned by 'ralph' high priority at nice level -11.
Aug 20 10:33:38 pulseaudio[2561]: pid.c: Stale PID file, overwriting.
Aug 20 10:33:38 rtkit-daemon[1883]: Sucessfully made thread 2567 of process 2561 (/usr/bin/pulseaudio) owned by 'ralph' RT at priority 5.
Aug 20 10:33:38 rtkit-daemon[1883]: Sucessfully made thread 2568 of process 2561 (/usr/bin/pulseaudio) owned by 'ralph' RT at priority 5.
Aug 20 10:33:40 rtkit-daemon[1883]: Sucessfully made thread 2607 of process 2607 (/usr/bin/pulseaudio) owned by 'ralph' high priority at nice level -11.
Aug 20 10:33:40 pulseaudio[2607]: pid.c: Daemon already running.
Aug 20 10:33:41 setroubleshoot: SELinux not enabled, setroubleshootd exiting...
Aug 20 10:34:45 acpid: client 2450[0:1000] has disconnected
Aug 20 10:34:45 acpid: client connected from 1814[0:0]
Aug 20 10:34:45 acpid: 1 client rule loaded
Aug 20 10:35:07 sm-notify[1168]: DNS resolution of waltz.eng.fadden.edu.au failed; retrying later
Aug 20 10:35:17 acpid: client 1814[0:0] has disconnected
Aug 20 10:35:17 acpid: client connected from 2450[0:1000]
Aug 20 10:35:17 acpid: 1 client rule loaded
Aug 20 10:35:22 NetworkManager[1132]: <error> [1345430122.455512] [nm-manager.c:1331] user_proxy_init(): could not init user settings proxy: (3) Could not get owner of name 'org.freedesktop.NetworkManagerUserSettings': no such name
Aug 20 10:35:22 NetworkManager[1132]: <error> [1345430122.825688] [nm-manager.c:1331] user_proxy_init(): could not init user settings proxy: (3) Could not get owner of name 'org.freedesktop.NetworkManagerUserSettings': no such name
Aug 20 10:35:25 NetworkManager[1132]: <error> [1345430125.478992] [nm-manager.c:1331] user_proxy_init(): could not init user settings proxy: (3) Could not get owner of name 'org.freedesktop.NetworkManagerUserSettings': no such name
Aug 20 10:35:25 NetworkManager[1132]: <error> [1345430125.479506] [nm-manager.c:1331] user_proxy_init(): could not init user settings proxy: (3) Could not get owner of name 'org.freedesktop.NetworkManagerUserSettings': no such name
Aug 20 10:35:28 NetworkManager[1132]: <error> [1345430128.158719] [nm-manager.c:1331] user_proxy_init(): could not init user settings proxy: (3) Could not get owner of name 'org.freedesktop.NetworkManagerUserSettings': no such name
Aug 20 10:35:28 NetworkManager[1132]: <error> [1345430128.159297] [nm-manager.c:1331] user_proxy_init(): could not init user settings proxy: (3) Could not get owner of name 'org.freedesktop.NetworkManagerUserSettings': no such name
Aug 20 10:35:29 NetworkManager[1132]: <error> [1345430129.48208] [nm-manager.c:1331] user_proxy_init(): could not init user settings proxy: (3) Could not get owner of name 'org.freedesktop.NetworkManagerUserSettings': no such name
Aug 20 10:35:29 acpid: client 2450[0:1000] has disconnected
Aug 20 10:35:29 acpid: client connected from 3046[0:1000]
Aug 20 10:35:29 acpid: 1 client rule loaded
Aug 20 10:35:29 NetworkManager[1132]: <error> [1345430129.585048] [nm-manager.c:1331] user_proxy_init(): could not init user settings proxy: (3) Could not get owner of name 'org.freedesktop.NetworkManagerUserSettings': no such name
Aug 20 10:35:29 seahorse-daemon[3127]: init gpgme version 1.1.8
Aug 20 10:35:30 rtkit-daemon[1883]: Sucessfully made thread 3202 of process 3202 (/usr/bin/pulseaudio) owned by 'ralph' high priority at nice level -11.
Aug 20 10:35:30 pulseaudio[3202]: pid.c: Daemon already running.
Aug 20 10:35:30 setroubleshoot: SELinux not enabled, setroubleshootd exiting...
Aug 20 10:35:33 NetworkManager[1132]: <warn> error requesting auth for org.freedesktop.NetworkManager.use-user-connections: (6) Remote Exception invoking org.freedesktop.PolicyKit1.Authority.CheckAuthorization() on /org/freedesktop/PolicyKit1/Authority at name org.freedesktop.PolicyKit1: org.freedesktop.DBus.Error.NameHasNoOwner: Remote Exception invoking org.freedesktop.DBus.GetConnectionUnixUser() on / at name org.freedesktop.DBus: org.freedesktop.DBus.Error.NameHasNoOwner: Could not get UID of name ':1.80': no such name
Aug 20 10:35:33 NetworkManager[1132]: <warn> error requesting auth for org.freedesktop.NetworkManager.network-control: (6) Remote Exception invoking org.freedesktop.PolicyKit1.Authority.CheckAuthorization() on /org/freedesktop/PolicyKit1/Authority at name org.freedesktop.PolicyKit1: org.freedesktop.DBus.Error.NameHasNoOwner: Remote Exception invoking org.freedesktop.DBus.GetConnectionUnixUser() on / at name org.freedesktop.DBus: org.freedesktop.DBus.Error.NameHasNoOwner: Could not get UID of name ':1.80': no such name
Aug 20 10:35:33 NetworkManager[1132]: <warn> User connections unavailable: (6) Remote Exception invoking org.freedesktop.PolicyKit1.Authority.CheckAuthorization() on /org/freedesktop/PolicyKit1/Authority at name org.freedesktop.PolicyKit1: org.freedesktop.DBus.Error.NameHasNoOwner: Remote Exception invoking org.freedesktop.DBus.GetConnectionUnixUser() on / at name org.freedesktop.DBus: org.freedesktop.DBus.Error.NameHasNoOwner: Could not get UID of name ':1.80': no such name
Aug 20 10:35:33 NetworkManager[1132]: <error> [1345430133.971228] [nm-manager.c:1331] user_proxy_init(): could not init user settings proxy: (3) Could not get owner of name 'org.freedesktop.NetworkManagerUserSettings': no such name
Aug 20 10:35:37 NetworkManager[1132]: <error> [1345430137.270863] [nm-manager.c:1331] user_proxy_init(): could not init user settings proxy: (3) Could not get owner of name 'org.freedesktop.NetworkManagerUserSettings': no such name
Aug 20 10:35:37 NetworkManager[1132]: <error> [1345430137.271643] [nm-manager.c:1331] user_proxy_init(): could not init user settings proxy: (3) Could not get owner of name 'org.freedesktop.NetworkManagerUserSettings': no such name
Aug 20 10:35:52 NetworkManager[1132]: <error> [1345430152.389767] [nm-manager.c:1331] user_proxy_init(): could not init user settings proxy: (3) Could not get owner of name 'org.freedesktop.NetworkManagerUserSettings': no such name
Aug 20 10:35:52 NetworkManager[1132]: <error> [1345430152.391046] [nm-manager.c:1331] user_proxy_init(): could not init user settings proxy: (3) Could not get owner of name 'org.freedesktop.NetworkManagerUserSettings': no such name
Aug 20 10:36:47 NetworkManager[1132]: <error> [1345430207.971703] [nm-manager.c:1331] user_proxy_init(): could not init user settings proxy: (3) Could not get owner of name 'org.freedesktop.NetworkManagerUserSettings': no such name
Aug 20 10:36:47 NetworkManager[1132]: <error> [1345430207.972162] [nm-manager.c:1331] user_proxy_init(): could not init user settings proxy: (3) Could not get owner of name 'org.freedesktop.NetworkManagerUserSettings': no such name
Aug 20 10:36:48 NetworkManager[1132]: <error> [1345430208.595571] [nm-manager.c:1331] user_proxy_init(): could not init user settings proxy: (3) Could not get owner of name 'org.freedesktop.NetworkManagerUserSettings': no such name
Aug 20 10:36:48 NetworkManager[1132]: <error> [1345430208.596590] [nm-manager.c:1331] user_proxy_init(): could not init user settings proxy: (3) Could not get owner of name 'org.freedesktop.NetworkManagerUserSettings': no such name
Aug 20 10:36:48 NetworkManager[1132]: <error> [1345430208.964693] [nm-manager.c:1331] user_proxy_init(): could not init user settings proxy: (3) Could not get owner of name 'org.freedesktop.NetworkManagerUserSettings': no such name
Aug 20 10:36:48 NetworkManager[1132]: <error> [1345430208.965510] [nm-manager.c:1331] user_proxy_init(): could not init user settings proxy: (3) Could not get owner of name 'org.freedesktop.NetworkManagerUserSettings': no such name
Aug 20 10:37:06 NetworkManager[1132]: <error> [1345430226.947931] [nm-manager.c:1331] user_proxy_init(): could not init user settings proxy: (3) Could not get owner of name 'org.freedesktop.NetworkManagerUserSettings': no such name
Aug 20 10:37:06 NetworkManager[1132]: <error> [1345430226.948807] [nm-manager.c:1331] user_proxy_init(): could not init user settings proxy: (3) Could not get owner of name 'org.freedesktop.NetworkManagerUserSettings': no such name
Aug 20 10:37:07 NetworkManager[1132]: <error> [1345430227.454948] [nm-manager.c:1331] user_proxy_init(): could not init user settings proxy: (3) Could not get owner of name 'org.freedesktop.NetworkManagerUserSettings': no such name
Aug 20 10:37:07 NetworkManager[1132]: <error> [1345430227.456082] [nm-manager.c:1331] user_proxy_init(): could not init user settings proxy: (3) Could not get owner of name 'org.freedesktop.NetworkManagerUserSettings': no such name
Aug 20 10:37:07 acpid: client 3046[0:1000] has disconnected
Aug 20 10:37:07 acpid: client connected from 1814[0:0]
Aug 20 10:37:07 acpid: 1 client rule loaded
Aug 20 10:37:07 sm-notify[1168]: Unable to notify waltz.eng.fadden.edu.au, giving up
Aug 20 10:37:07 Backgrounding to notify hosts...
Aug 20 10:37:12 NetworkManager[1132]: <error> [1345430232.830816] [nm-manager.c:1331] user_proxy_init(): could not init user settings proxy: (3) Could not get owner of name 'org.freedesktop.NetworkManagerUserSettings': no such name
Aug 20 10:37:14 NetworkManager[1132]: <error> [1345430234.554772] [nm-manager.c:1331] user_proxy_init(): could not init user settings proxy: (3) Could not get owner of name 'org.freedesktop.NetworkManagerUserSettings': no such name
Aug 20 10:37:15 NetworkManager[1132]: <error> [1345430235.916756] [nm-manager.c:1331] user_proxy_init(): could not init user settings proxy: (3) Could not get owner of name 'org.freedesktop.NetworkManagerUserSettings': no such name
Aug 20 10:37:15 NetworkManager[1132]: <error> [1345430235.917833] [nm-manager.c:1331] user_proxy_init(): could not init user settings proxy: (3) Could not get owner of name 'org.freedesktop.NetworkManagerUserSettings': no such name
Aug 20 10:37:15 acpid: client 1814[0:0] has disconnected
Aug 20 10:37:15 acpid: client connected from 1814[0:0]
Aug 20 10:37:15 acpid: 1 client rule loaded
Aug 20 10:37:18 NetworkManager[1132]: <error> [1345430238.186710] [nm-manager.c:1331] user_proxy_init(): could not init user settings proxy: (3) Could not get owner of name 'org.freedesktop.NetworkManagerUserSettings': no such name
Aug 20 10:37:18 NetworkManager[1132]: <error> [1345430238.187191] [nm-manager.c:1331] user_proxy_init(): could not init user settings proxy: (3) Could not get owner of name 'org.freedesktop.NetworkManagerUserSettings': no such name
Aug 20 10:37:20 NetworkManager[1132]: <error> [1345430240.803374] [nm-manager.c:1331] user_proxy_init(): could not init user settings proxy: (3) Could not get owner of name 'org.freedesktop.NetworkManagerUserSettings': no such name
Aug 20 10:37:20 NetworkManager[1132]: <error> [1345430240.804124] [nm-manager.c:1331] user_proxy_init(): could not init user settings proxy: (3) Could not get owner of name 'org.freedesktop.NetworkManagerUserSettings': no such name
Aug 20 10:37:25 NetworkManager[1132]: <error> [1345430245.858789] [nm-manager.c:1331] user_proxy_init(): could not init user settings proxy: (3) Could not get owner of name 'org.freedesktop.NetworkManagerUserSettings': no such name
Aug 20 10:37:25 NetworkManager[1132]: <error> [1345430245.859296] [nm-manager.c:1331] user_proxy_init(): could not init user settings proxy: (3) Could not get owner of name 'org.freedesktop.NetworkManagerUserSettings': no such name
Aug 20 10:39:00 NetworkManager[1132]: <error> [1345430340.841052] [nm-manager.c:1331] user_proxy_init(): could not init user settings proxy: (3) Could not get owner of name 'org.freedesktop.NetworkManagerUserSettings': no such name
Aug 20 10:39:00 NetworkManager[1132]: <error> [1345430340.841691] [nm-manager.c:1331] user_proxy_init(): could not init user settings proxy: (3) Could not get owner of name 'org.freedesktop.NetworkManagerUserSettings': no such name
Aug 20 10:39:01 NetworkManager[1132]: <error> [1345430341.433011] [nm-manager.c:1331] user_proxy_init(): could not init user settings proxy: (3) Could not get owner of name 'org.freedesktop.NetworkManagerUserSettings': no such name
Aug 20 10:39:01 NetworkManager[1132]: <error> [1345430341.434044] [nm-manager.c:1331] user_proxy_init(): could not init user settings proxy: (3) Could not get owner of name 'org.freedesktop.NetworkManagerUserSettings': no such name
Aug 20 10:39:03 NetworkManager[1132]: <error> [1345430343.566188] [nm-manager.c:1331] user_proxy_init(): could not init user settings proxy: (3) Could not get owner of name 'org.freedesktop.NetworkManagerUserSettings': no such name
Aug 20 10:39:03 acpid: client 1814[0:0] has disconnected
Aug 20 10:39:03 acpid: client connected from 3631[0:1000]
Aug 20 10:39:03 acpid: 1 client rule loaded
Aug 20 10:39:04 NetworkManager[1132]: <error> [1345430344.347125] [nm-manager.c:1331] user_proxy_init(): could not init user settings proxy: (3) Could not get owner of name 'org.freedesktop.NetworkManagerUserSettings': no such name
Aug 20 10:39:04 seahorse-daemon[3712]: init gpgme version 1.1.8
Aug 20 10:39:05 rtkit-daemon[1883]: Sucessfully made thread 3793 of process 3793 (/usr/bin/pulseaudio) owned by 'ralph' high priority at nice level -11.
Aug 20 10:39:05 pulseaudio[3793]: pid.c: Daemon already running.
Aug 20 10:39:05 setroubleshoot: SELinux not enabled, setroubleshootd exiting...
Aug 20 10:39:09 NetworkManager[1132]: <warn> error requesting auth for org.freedesktop.NetworkManager.use-user-connections: (6) Remote Exception invoking org.freedesktop.PolicyKit1.Authority.CheckAuthorization() on /org/freedesktop/PolicyKit1/Authority at name org.freedesktop.PolicyKit1: org.freedesktop.DBus.Error.NameHasNoOwner: Remote Exception invoking org.freedesktop.DBus.GetConnectionUnixUser() on / at name org.freedesktop.DBus: org.freedesktop.DBus.Error.NameHasNoOwner: Could not get UID of name ':1.104': no such name
